<html>
<body>
<pre>
<h1>µVision Build Log</h1>
<h2>Tool Versions:</h2>
IDE-Version: µVision V5.28.0.0
Copyright (C) 2019 ARM Ltd and ARM Germany GmbH. All rights reserved.
License Information: Nhan Nguyen, Dont have any, LIC=----
 
Tool Versions:
Toolchain:       MDK-Lite  Version: 5.28.0.0
Toolchain Path:  C:\Keil_v5\ARM\ARMCC\Bin
C Compiler:      Armcc.exe V5.06 update 6 (build 750)
Assembler:       Armasm.exe V5.06 update 6 (build 750)
Linker/Locator:  ArmLink.exe V5.06 update 6 (build 750)
Library Manager: ArmAr.exe V5.06 update 6 (build 750)
Hex Converter:   FromElf.exe V5.06 update 6 (build 750)
CPU DLL:         SARMCM3.DLL V5.28.0.0
Dialog DLL:      DCM.DLL V1.17.3.0
Target DLL:      STLink\ST-LINKIII-KEIL_SWO.dll V3.0.6.0
Dialog DLL:      TCM.DLL V1.36.2.0
 
<h2>Project:</h2>
C:\Users\15122\Desktop\LoraProject\lora_2810_2\lora.uvprojx
Project File Date:  10/28/2019

<h2>Output:</h2>
*** Using Compiler 'V5.06 update 6 (build 750)', folder: 'C:\Keil_v5\ARM\ARMCC\Bin'
Build target 'Target 1'
compiling mainApp.c...
..\..\LoraDocument\Lora\LoraSTM32\Src\mainApp.c(125): warning:  #223-D: function "CDC_Transmit_FS" declared implicitly
  					printUSB(Tx_Packet);
..\..\LoraDocument\Lora\LoraSTM32\Src\mainApp.c(142): warning:  #223-D: function "CDC_Transmit_FS" declared implicitly
  							printUSB(strBuf);			
..\..\LoraDocument\Lora\LoraSTM32\Src\mainApp.c(192): warning:  #223-D: function "CDC_Transmit_FS" declared implicitly
  							printUSB(strBuf);		
..\..\LoraDocument\Lora\LoraSTM32\Src\mainApp.c(201): warning:  #223-D: function "CDC_Transmit_FS" declared implicitly
  							printUSB(strBuf);		
..\..\LoraDocument\Lora\LoraSTM32\Src\mainApp.c(212): warning:  #223-D: function "CDC_Transmit_FS" declared implicitly
  							printUSB(strBuf);		
..\..\LoraDocument\Lora\LoraSTM32\Src\mainApp.c(231): warning:  #223-D: function "CDC_Transmit_FS" declared implicitly
  							printUSB(strBuf);	
..\..\LoraDocument\Lora\LoraSTM32\Src\mainApp.c(237): warning:  #177-D: variable "idx"  was declared but never referenced
  							u8 idx = 2 - 1;
..\..\LoraDocument\Lora\LoraSTM32\Src\mainApp.c(261): warning:  #223-D: function "CDC_Transmit_FS" declared implicitly
  							printUSB(strBuf);	
..\..\LoraDocument\Lora\LoraSTM32\Src\mainApp.c: 8 warnings, 0 errors
linking...
Program Size: Code=24424 RO-data=420 RW-data=476 ZI-data=4652  
".\Objects\lora.axf" - 0 Error(s), 8 Warning(s).

<h2>Software Packages used:</h2>

Package Vendor: Keil
                http://www.keil.com/pack/Keil.STM32F1xx_DFP.2.3.0.pack
                Keil.STM32F1xx_DFP.2.3.0
                STMicroelectronics STM32F1 Series Device Support, Drivers and Examples

<h2>Collection of Component include folders:</h2>
  .\RTE\_Target_1
  C:\Users\15122\AppData\Local\Arm\Packs\Keil\STM32F1xx_DFP\2.3.0\Device\Include

<h2>Collection of Component Files used:</h2>
Build Time Elapsed:  00:00:02
</pre>
</body>
</html>
