Component: ARM Compiler 5.06 update 6 (build 750) Tool: armlink [4d35ed]

==============================================================================

Section Cross References

    startup_stm32f103xb.o(STACK) refers (Special) to heapauxi.o(.text) for __use_two_region_memory
    startup_stm32f103xb.o(HEAP) refers (Special) to heapauxi.o(.text) for __use_two_region_memory
    startup_stm32f103xb.o(RESET) refers (Special) to heapauxi.o(.text) for __use_two_region_memory
    startup_stm32f103xb.o(RESET) refers to startup_stm32f103xb.o(STACK) for __initial_sp
    startup_stm32f103xb.o(RESET) refers to startup_stm32f103xb.o(.text) for Reset_Handler
    startup_stm32f103xb.o(RESET) refers to stm32f1xx_it.o(i.NMI_Handler) for NMI_Handler
    startup_stm32f103xb.o(RESET) refers to stm32f1xx_it.o(i.HardFault_Handler) for HardFault_Handler
    startup_stm32f103xb.o(RESET) refers to stm32f1xx_it.o(i.MemManage_Handler) for MemManage_Handler
    startup_stm32f103xb.o(RESET) refers to stm32f1xx_it.o(i.BusFault_Handler) for BusFault_Handler
    startup_stm32f103xb.o(RESET) refers to stm32f1xx_it.o(i.UsageFault_Handler) for UsageFault_Handler
    startup_stm32f103xb.o(RESET) refers to stm32f1xx_it.o(i.SVC_Handler) for SVC_Handler
    startup_stm32f103xb.o(RESET) refers to stm32f1xx_it.o(i.DebugMon_Handler) for DebugMon_Handler
    startup_stm32f103xb.o(RESET) refers to stm32f1xx_it.o(i.PendSV_Handler) for PendSV_Handler
    startup_stm32f103xb.o(RESET) refers to stm32f1xx_it.o(i.SysTick_Handler) for SysTick_Handler
    startup_stm32f103xb.o(RESET) refers to stm32f1xx_it.o(i.USB_HP_CAN1_TX_IRQHandler) for USB_HP_CAN1_TX_IRQHandler
    startup_stm32f103xb.o(RESET) refers to stm32f1xx_it.o(i.USB_LP_CAN1_RX0_IRQHandler) for USB_LP_CAN1_RX0_IRQHandler
    startup_stm32f103xb.o(RESET) refers to stm32f1xx_it.o(i.SPI1_IRQHandler) for SPI1_IRQHandler
    startup_stm32f103xb.o(.text) refers (Special) to heapauxi.o(.text) for __use_two_region_memory
    startup_stm32f103xb.o(.text) refers to system_stm32f1xx.o(i.SystemInit) for SystemInit
    startup_stm32f103xb.o(.text) refers to __main.o(!!!main) for __main
    startup_stm32f103xb.o(.text) refers to startup_stm32f103xb.o(HEAP) for Heap_Mem
    startup_stm32f103xb.o(.text) refers to startup_stm32f103xb.o(STACK) for Stack_Mem
    stm32f1xx_hal.o(i.HAL_DeInit) refers to stm32f1xx_hal.o(i.HAL_MspDeInit) for HAL_MspDeInit
    stm32f1xx_hal.o(i.HAL_Delay) refers to stm32f1xx_hal.o(i.HAL_GetTick) for HAL_GetTick
    stm32f1xx_hal.o(i.HAL_GetTick) refers to stm32f1xx_hal.o(.data) for uwTick
    stm32f1xx_hal.o(i.HAL_IncTick) refers to stm32f1xx_hal.o(.data) for uwTick
    stm32f1xx_hal.o(i.HAL_Init) refers to stm32f1xx_hal_cortex.o(i.HAL_NVIC_SetPriorityGrouping) for HAL_NVIC_SetPriorityGrouping
    stm32f1xx_hal.o(i.HAL_Init) refers to stm32f1xx_hal.o(i.HAL_InitTick) for HAL_InitTick
    stm32f1xx_hal.o(i.HAL_Init) refers to stm32f1xx_hal_msp.o(i.HAL_MspInit) for HAL_MspInit
    stm32f1xx_hal.o(i.HAL_InitTick) refers to stm32f1xx_hal_rcc.o(i.HAL_RCC_GetHCLKFreq) for HAL_RCC_GetHCLKFreq
    stm32f1xx_hal.o(i.HAL_InitTick) refers to stm32f1xx_hal_cortex.o(i.HAL_SYSTICK_Config) for HAL_SYSTICK_Config
    stm32f1xx_hal.o(i.HAL_InitTick) refers to stm32f1xx_hal_cortex.o(i.HAL_NVIC_SetPriority) for HAL_NVIC_SetPriority
    stm32f1xx_hal_cortex.o(i.HAL_NVIC_GetPriorityGrouping) refers to stm32f1xx_hal_cortex.o(i.NVIC_GetPriorityGrouping) for NVIC_GetPriorityGrouping
    stm32f1xx_hal_cortex.o(i.HAL_NVIC_SetPriority) refers to stm32f1xx_hal_cortex.o(i.NVIC_GetPriorityGrouping) for NVIC_GetPriorityGrouping
    stm32f1xx_hal_cortex.o(i.HAL_NVIC_SetPriority) refers to stm32f1xx_hal_cortex.o(i.NVIC_SetPriority) for NVIC_SetPriority
    stm32f1xx_hal_cortex.o(i.HAL_SYSTICK_Config) refers to stm32f1xx_hal_cortex.o(i.NVIC_SetPriority) for NVIC_SetPriority
    stm32f1xx_hal_cortex.o(i.HAL_SYSTICK_IRQHandler) refers to stm32f1xx_hal_cortex.o(i.HAL_SYSTICK_Callback) for HAL_SYSTICK_Callback
    stm32f1xx_hal_dma.o(i.HAL_DMA_Abort) refers to stm32f1xx_hal.o(i.HAL_GetTick) for HAL_GetTick
    stm32f1xx_hal_dma.o(i.HAL_DMA_PollForTransfer) refers to stm32f1xx_hal.o(i.HAL_GetTick) for HAL_GetTick
    stm32f1xx_hal_dma.o(i.HAL_DMA_Start) refers to stm32f1xx_hal_dma.o(i.DMA_SetConfig) for DMA_SetConfig
    stm32f1xx_hal_dma.o(i.HAL_DMA_Start_IT) refers to stm32f1xx_hal_dma.o(i.DMA_SetConfig) for DMA_SetConfig
    stm32f1xx_hal_flash.o(i.FLASH_Program_HalfWord) refers to stm32f1xx_hal_flash.o(.bss) for pFlash
    stm32f1xx_hal_flash.o(i.FLASH_SetErrorCode) refers to stm32f1xx_hal_flash.o(.bss) for pFlash
    stm32f1xx_hal_flash.o(i.FLASH_WaitForLastOperation) refers to stm32f1xx_hal.o(i.HAL_GetTick) for HAL_GetTick
    stm32f1xx_hal_flash.o(i.FLASH_WaitForLastOperation) refers to stm32f1xx_hal_flash.o(i.FLASH_SetErrorCode) for FLASH_SetErrorCode
    stm32f1xx_hal_flash.o(i.HAL_FLASH_GetError) refers to stm32f1xx_hal_flash.o(.bss) for pFlash
[...]
    i.USBD_Init                              0x08003c8a   Section        0  usbd_core.o(i.USBD_Init)
    i.USBD_LL_ClearStallEP                   0x08003cbc   Section        0  usbd_conf.o(i.USBD_LL_ClearStallEP)
    i.USBD_LL_CloseEP                        0x08003d00   Section        0  usbd_conf.o(i.USBD_LL_CloseEP)
    i.USBD_LL_DataInStage                    0x08003d44   Section        0  usbd_core.o(i.USBD_LL_DataInStage)
    i.USBD_LL_DataOutStage                   0x08003e1e   Section        0  usbd_core.o(i.USBD_LL_DataOutStage)
    i.USBD_LL_GetRxDataSize                  0x08003ea4   Section        0  usbd_conf.o(i.USBD_LL_GetRxDataSize)
    i.USBD_LL_Init                           0x08003eb8   Section        0  usbd_conf.o(i.USBD_LL_Init)
    i.USBD_LL_IsStallEP                      0x08003f40   Section        0  usbd_conf.o(i.USBD_LL_IsStallEP)
    i.USBD_LL_OpenEP                         0x08003f70   Section        0  usbd_conf.o(i.USBD_LL_OpenEP)
    i.USBD_LL_PrepareReceive                 0x08003fd2   Section        0  usbd_conf.o(i.USBD_LL_PrepareReceive)
    i.USBD_LL_Reset                          0x08004034   Section        0  usbd_core.o(i.USBD_LL_Reset)
    i.USBD_LL_Resume                         0x08004078   Section        0  usbd_core.o(i.USBD_LL_Resume)
    i.USBD_LL_SOF                            0x08004086   Section        0  usbd_core.o(i.USBD_LL_SOF)
    i.USBD_LL_SetSpeed                       0x080040a8   Section        0  usbd_core.o(i.USBD_LL_SetSpeed)
    i.USBD_LL_SetUSBAddress                  0x080040b0   Section        0  usbd_conf.o(i.USBD_LL_SetUSBAddress)
    i.USBD_LL_SetupStage                     0x080040f4   Section        0  usbd_core.o(i.USBD_LL_SetupStage)
    i.USBD_LL_StallEP                        0x08004162   Section        0  usbd_conf.o(i.USBD_LL_StallEP)
    i.USBD_LL_Start                          0x080041a6   Section        0  usbd_conf.o(i.USBD_LL_Start)
    i.USBD_LL_Suspend                        0x080041e2   Section        0  usbd_core.o(i.USBD_LL_Suspend)
    i.USBD_LL_Transmit                       0x080041f6   Section        0  usbd_conf.o(i.USBD_LL_Transmit)
    i.USBD_ParseSetupRequest                 0x08004258   Section        0  usbd_ctlreq.o(i.USBD_ParseSetupRequest)
    i.USBD_RegisterClass                     0x08004280   Section        0  usbd_core.o(i.USBD_RegisterClass)
    i.USBD_RunTestMode                       0x08004290   Section        0  usbd_core.o(i.USBD_RunTestMode)
    i.USBD_SetAddress                        0x08004296   Section        0  usbd_ctlreq.o(i.USBD_SetAddress)
    USBD_SetAddress                          0x08004297   Thumb Code    84  usbd_ctlreq.o(i.USBD_SetAddress)
    i.USBD_SetClassConfig                    0x080042ea   Section        0  usbd_core.o(i.USBD_SetClassConfig)
    i.USBD_SetConfig                         0x0800430c   Section        0  usbd_ctlreq.o(i.USBD_SetConfig)
    USBD_SetConfig                           0x0800430d   Thumb Code   218  usbd_ctlreq.o(i.USBD_SetConfig)
    i.USBD_SetFeature                        0x080043ec   Section        0  usbd_ctlreq.o(i.USBD_SetFeature)
    USBD_SetFeature                          0x080043ed   Thumb Code    36  usbd_ctlreq.o(i.USBD_SetFeature)
    i.USBD_Start                             0x08004410   Section        0  usbd_core.o(i.USBD_Start)
    i.USBD_StdDevReq                         0x0800441e   Section        0  usbd_ctlreq.o(i.USBD_StdDevReq)
    i.USBD_StdEPReq                          0x08004490   Section        0  usbd_ctlreq.o(i.USBD_StdEPReq)
    i.USBD_StdItfReq                         0x080045e6   Section        0  usbd_ctlreq.o(i.USBD_StdItfReq)
    i.USBD_static_free                       0x08004630   Section        0  usbd_conf.o(i.USBD_static_free)
    i.USBD_static_malloc                     0x08004634   Section        0  usbd_conf.o(i.USBD_static_malloc)
    i.USB_ActivateEndpoint                   0x08004640   Section        0  stm32f1xx_ll_usb.o(i.USB_ActivateEndpoint)
    i.USB_CoreInit                           0x080049ea   Section        0  stm32f1xx_ll_usb.o(i.USB_CoreInit)
    i.USB_DeactivateEndpoint                 0x080049f2   Section        0  stm32f1xx_ll_usb.o(i.USB_DeactivateEndpoint)
    i.USB_DevConnect                         0x08004c06   Section        0  stm32f1xx_ll_usb.o(i.USB_DevConnect)
    i.USB_DevDisconnect                      0x08004c0c   Section        0  stm32f1xx_ll_usb.o(i.USB_DevDisconnect)
    i.USB_DevInit                            0x08004c12   Section        0  stm32f1xx_ll_usb.o(i.USB_DevInit)
    i.USB_DisableGlobalInt                   0x08004c28   Section        0  stm32f1xx_ll_usb.o(i.USB_DisableGlobalInt)
    i.USB_EP0_OutStart                       0x08004c3e   Section        0  stm32f1xx_ll_usb.o(i.USB_EP0_OutStart)
    i.USB_EPClearStall                       0x08004c44   Section        0  stm32f1xx_ll_usb.o(i.USB_EPClearStall)
    i.USB_EPSetStall                         0x08004cf8   Section        0  stm32f1xx_ll_usb.o(i.USB_EPSetStall)
    i.USB_EPStartXfer                        0x08004d7e   Section        0  stm32f1xx_ll_usb.o(i.USB_EPStartXfer)
    i.USB_EnableGlobalInt                    0x080050b0   Section        0  stm32f1xx_ll_usb.o(i.USB_EnableGlobalInt)
    i.USB_HP_CAN1_TX_IRQHandler              0x080050c8   Section        0  stm32f1xx_it.o(i.USB_HP_CAN1_TX_IRQHandler)
    i.USB_LP_CAN1_RX0_IRQHandler             0x080050d8   Section        0  stm32f1xx_it.o(i.USB_LP_CAN1_RX0_IRQHandler)
    i.USB_ReadInterrupts                     0x080050e8   Section        0  stm32f1xx_ll_usb.o(i.USB_ReadInterrupts)
    i.USB_ReadPMA                            0x080050f2   Section        0  stm32f1xx_ll_usb.o(i.USB_ReadPMA)
    i.USB_SetCurrentMode                     0x0800511a   Section        0  stm32f1xx_ll_usb.o(i.USB_SetCurrentMode)
    i.USB_SetDevAddress                      0x08005120   Section        0  stm32f1xx_ll_usb.o(i.USB_SetDevAddress)
    i.USB_WritePMA                           0x0800512e   Section        0  stm32f1xx_ll_usb.o(i.USB_WritePMA)
    i.UsageFault_Handler                     0x08005170   Section        0  stm32f1xx_it.o(i.UsageFault_Handler)
    i._is_digit                              0x08005174   Section        0  __printf_wp.o(i._is_digit)
    i.main                                   0x08005182   Section        0  main.o(i.main)
    i.mainApp                                0x080051a0   Section        0  mainapp.o(i.mainApp)
    i.sx1276_7_8_Config                      0x08005738   Section        0  sx1276_7_8.o(i.sx1276_7_8_Config)
    i.sx1276_7_8_EntryLoRa                   0x0800584c   Section        0  sx1276_7_8.o(i.sx1276_7_8_EntryLoRa)
    i.sx1276_7_8_LoRaClearIrq                0x08005858   Section        0  sx1276_7_8.o(i.sx1276_7_8_LoRaClearIrq)
    i.sx1276_7_8_LoRaEntryRx                 0x08005864   Section        0  sx1276_7_8.o(i.sx1276_7_8_LoRaEntryRx)
    i.sx1276_7_8_LoRaEntryTx                 0x080058e4   Section        0  sx1276_7_8.o(i.sx1276_7_8_LoRaEntryTx)
    i.sx1276_7_8_LoRaReadRSSI                0x08005950   Section        0  sx1276_7_8.o(i.sx1276_7_8_LoRaReadRSSI)
    i.sx1276_7_8_LoRaRxPacket                0x080059d4   Section        0  sx1276_7_8.o(i.sx1276_7_8_LoRaRxPacket)
    i.sx1276_7_8_LoRaTxPacket                0x08005a44   Section        0  sx1276_7_8.o(i.sx1276_7_8_LoRaTxPacket)
    i.sx1276_7_8_Sleep                       0x08005a88   Section        0  sx1276_7_8.o(i.sx1276_7_8_Sleep)
    i.sx1276_7_8_Standby                     0x08005a94   Section        0  sx1276_7_8.o(i.sx1276_7_8_Standby)
    x$fpl$dadd                               0x08005aa0   Section      336  daddsub_clz.o(x$fpl$dadd)
    _dadd1                                   0x08005ab1   Thumb Code     0  daddsub_clz.o(x$fpl$dadd)
    x$fpl$dfix                               0x08005bf0   Section       94  dfix.o(x$fpl$dfix)
    x$fpl$dflt                               0x08005c4e   Section       46  dflt_clz.o(x$fpl$dflt)
    x$fpl$dmul                               0x08005c7c   Section      340  dmul.o(x$fpl$dmul)
    x$fpl$dnaninf                            0x08005dd0   Section      156  dnaninf.o(x$fpl$dnaninf)
    x$fpl$dretinf                            0x08005e6c   Section       12  dretinf.o(x$fpl$dretinf)
    x$fpl$dsub                               0x08005e78   Section      468  daddsub_clz.o(x$fpl$dsub)
    _dsub1                                   0x08005e89   Thumb Code     0  daddsub_clz.o(x$fpl$dsub)
    .constdata                               0x0800604c   Section       24  sx1276_7_8.o(.constdata)
    x$fpl$usenofp                            0x0800604c   Section        0  usenofp.o(x$fpl$usenofp)
    .constdata                               0x08006064   Section       24  system_stm32f1xx.o(.constdata)
    .conststring                             0x0800607c   Section      102  mainapp.o(.conststring)
    .data                                    0x20000000   Section        4  stm32f1xx_hal.o(.data)
    uwTick                                   0x20000000   Data           4  stm32f1xx_hal.o(.data)
    .data                                    0x20000004   Section        1  stm32f1xx_hal_spi_ex.o(.data)
    .data                                    0x20000008   Section       44  mainapp.o(.data)
    .data                                    0x20000034   Section       66  sx1276_7_8.o(.data)
    .data                                    0x20000078   Section        4  system_stm32f1xx.o(.data)
    .data                                    0x2000007c   Section       24  usbd_cdc_if.o(.data)
    .data                                    0x20000094   Section       52  usbd_desc.o(.data)
    .data                                    0x200000c8   Section      272  usbd_cdc.o(.data)
    USBD_CDC_DeviceQualifierDesc             0x200000c8   Data          10  usbd_cdc.o(.data)
    ifalt                                    0x200001d7   Data           1  usbd_cdc.o(.data)
    .data                                    0x200001d8   Section        1  usbd_ctlreq.o(.data)
    cfgidx                                   0x200001d8   Data           1  usbd_ctlreq.o(.data)
    .bss                                     0x200001dc   Section       88  main.o(.bss)
    .bss                                     0x20000234   Section      137  mainapp.o(.bss)
    .bss                                     0x200002bd   Section      128  sx1276_7_8.o(.bss)
    .bss                                     0x20000340   Section      548  usb_device.o(.bss)
    .bss                                     0x20000564   Section     1600  usbd_conf.o(.bss)
    mem                                      0x20000984   Data         544  usbd_conf.o(.bss)
    .bss                                     0x20000ba4   Section      512  usbd_desc.o(.bss)
    .bss                                     0x20000da4   Section       96  libspace.o(.bss)
    HEAP                                     0x20000e08   Section      512  startup_stm32f103xb.o(HEAP)
    Heap_Mem                                 0x20000e08   Data         512  startup_stm32f103xb.o(HEAP)
    STACK                                    0x20001008   Section     1024  startup_stm32f103xb.o(STACK)
    Stack_Mem                                0x20001008   Data        1024  startup_stm32f103xb.o(STACK)
    __initial_sp                             0x20001408   Data           0  startup_stm32f103xb.o(STACK)

    Global Symbols

    Symbol Name                              Value     Ov Type        Size  Object(Section)

    BuildAttributes$$THM_ISAv4$P$D$K$B$S$PE$A:L22UL41UL21$X:L11$S22US41US21$IEEE1$IW$USESV6$~STKCKD$USESV7$~SHL$OSPACE$ROPI$EBA8$UX$STANDARDLIB$REQ8$PRES8$EABIv2 0x00000000   Number         0  anon$$obj.o ABSOLUTE
    __ARM_use_no_argv                        0x00000000   Number         0  main.o ABSOLUTE
    _printf_flags                            0x00000000   Number         0  printf_stubs.o ABSOLUTE
    _printf_return_value                     0x00000000   Number         0  printf_stubs.o ABSOLUTE
    _printf_sizespec                         0x00000000   Number         0  printf_stubs.o ABSOLUTE
    _printf_widthprec                        0x00000000   Number         0  printf_stubs.o ABSOLUTE
    __ARM_exceptions_init                     - Undefined Weak Reference
    __alloca_initialize                       - Undefined Weak Reference
    __arm_preinit_                            - Undefined Weak Reference
    __cpp_initialize__aeabi_                  - Undefined Weak Reference
    __cxa_finalize                            - Undefined Weak Reference
    __rt_locale                               - Undefined Weak Reference
    __sigvec_lookup                           - Undefined Weak Reference
    _atexit_init                              - Undefined Weak Reference
    _call_atexit_fns                          - Undefined Weak Reference
    _clock_init                               - Undefined Weak Reference
    _fp_trap_init                             - Undefined Weak Reference
    _fp_trap_shutdown                         - Undefined Weak Reference
    _get_lc_collate                           - Undefined Weak Reference
    _get_lc_ctype                             - Undefined Weak Reference
    _get_lc_monetary                          - Undefined Weak Reference
    _get_lc_numeric                           - Undefined Weak Reference
    _get_lc_time                              - Undefined Weak Reference
    _getenv_init                              - Undefined Weak Reference
    _handle_redirection                       - Undefined Weak Reference
    _init_alloc                               - Undefined Weak Reference
    _init_user_alloc                          - Undefined Weak Reference
    _initio                                   - Undefined Weak Reference
    _printf_mbtowc                            - Undefined Weak Reference
    _printf_truncate_signed                   - Undefined Weak Reference
    _printf_truncate_unsigned                 - Undefined Weak Reference
    _rand_init                                - Undefined Weak Reference
    _signal_finish                            - Undefined Weak Reference
    _signal_init                              - Undefined Weak Reference
    _terminate_alloc                          - Undefined Weak Reference
    _terminate_user_alloc                     - Undefined Weak Reference
    _terminateio                              - Undefined Weak Reference
    __Vectors_Size                           0x000000ec   Number         0  startup_stm32f103xb.o ABSOLUTE
    __Vectors                                0x08000000   Data           4  startup_stm32f103xb.o(RESET)
    __Vectors_End                            0x080000ec   Data           0  startup_stm32f103xb.o(RESET)
    __main                                   0x080000ed   Thumb Code     8  __main.o(!!!main)
    __scatterload                            0x080000f5   Thumb Code     0  __scatter.o(!!!scatter)
    __scatterload_rt2                        0x080000f5   Thumb Code    44  __scatter.o(!!!scatter)
    __scatterload_rt2_thumb_only             0x080000f5   Thumb Code     0  __scatter.o(!!!scatter)
    __scatterload_null                       0x08000103   Thumb Code     0  __scatter.o(!!!scatter)
    __decompress                             0x08000129   Thumb Code    90  __dczerorl2.o(!!dczerorl2)
    __decompress1                            0x08000129   Thumb Code     0  __dczerorl2.o(!!dczerorl2)
    __scatterload_zeroinit                   0x08000185   Thumb Code    28  __scatter_zi.o(!!handler_zi)
    _printf_d                                0x080001a1   Thumb Code     0  _printf_d.o(.ARM.Collect$$_printf_percent$$00000009)
    _printf_percent                          0x080001a1   Thumb Code     0  _printf_percent.o(.ARM.Collect$$_printf_percent$$00000000)
    _printf_s                                0x080001a7   Thumb Code     0  _printf_s.o(.ARM.Collect$$_printf_percent$$00000014)
    _printf_percent_end                      0x080001ad   Thumb Code     0  _printf_percent_end.o(.ARM.Collect$$_printf_percent$$00000017)
    __rt_lib_init                            0x080001b1   Thumb Code     0  libinit.o(.ARM.Collect$$libinit$$00000000)
    __rt_lib_init_alloca_1                   0x080001b3   Thumb Code     0  libinit2.o(.ARM.Collect$$libinit$$0000002E)
    __rt_lib_init_argv_1                     0x080001b3   Thumb Code     0  libinit2.o(.ARM.Collect$$libinit$$0000002C)
    __rt_lib_init_atexit_1                   0x080001b3   Thumb Code     0  libinit2.o(.ARM.Collect$$libinit$$0000001B)
    __rt_lib_init_clock_1                    0x080001b3   Thumb Code     0  libinit2.o(.ARM.Collect$$libinit$$00000021)
    __rt_lib_init_cpp_1                      0x080001b3   Thumb Code     0  libinit2.o(.ARM.Collect$$libinit$$00000032)
    __rt_lib_init_exceptions_1               0x080001b3   Thumb Code     0  libinit2.o(.ARM.Collect$$libinit$$00000030)
    __rt_lib_init_fp_1                       0x080001b3   Thumb Code     0  libinit2.o(.ARM.Collect$$libinit$$00000002)
    __rt_lib_init_fp_trap_1                  0x080001b3   Thumb Code     0  libinit2.o(.ARM.Collect$$libinit$$0000001F)
    __rt_lib_init_getenv_1                   0x080001b3   Thumb Code     0  libinit2.o(.ARM.Collect$$libinit$$00000023)
    __rt_lib_init_heap_1                     0x080001b3   Thumb Code     0  libinit2.o(.ARM.Collect$$libinit$$0000000A)
    __rt_lib_init_lc_collate_1               0x080001b3   Thumb Code     0  libinit2.o(.ARM.Collect$$libinit$$00000011)
    __rt_lib_init_lc_ctype_1                 0x080001b3   Thumb Code     0  libinit2.o(.ARM.Collect$$libinit$$00000013)
    __rt_lib_init_lc_monetary_1              0x080001b3   Thumb Code     0  libinit2.o(.ARM.Collect$$libinit$$00000015)
    __rt_lib_init_lc_numeric_1               0x080001b3   Thumb Code     0  libinit2.o(.ARM.Collect$$libinit$$00000017)
    __rt_lib_init_lc_time_1                  0x080001b3   Thumb Code     0  libinit2.o(.ARM.Collect$$libinit$$00000019)
    __rt_lib_init_preinit_1                  0x080001b3   Thumb Code     0  libinit2.o(.ARM.Collect$$libinit$$00000004)
    __rt_lib_init_rand_1                     0x080001b3   Thumb Code     0  libinit2.o(.ARM.Collect$$libinit$$0000000E)
    __rt_lib_init_return                     0x080001b3   Thumb Code     0  libinit2.o(.ARM.Collect$$libinit$$00000033)
    __rt_lib_init_signal_1                   0x080001b3   Thumb Code     0  libinit2.o(.ARM.Collect$$libinit$$0000001D)
    __rt_lib_init_stdio_1                    0x080001b3   Thumb Code     0  libinit2.o(.ARM.Collect$$libinit$$00000025)
    __rt_lib_init_user_alloc_1               0x080001b3   Thumb Code     0  libinit2.o(.ARM.Collect$$libinit$$0000000C)
    __rt_lib_shutdown                        0x080001b5   Thumb Code     0  libshutdown.o(.ARM.Collect$$libshutdown$$00000000)
    __rt_lib_shutdown_cpp_1                  0x080001b7   Thumb Code     0  libshutdown2.o(.ARM.Collect$$libshutdown$$00000002)
    __rt_lib_shutdown_fp_trap_1              0x080001b7   Thumb Code     0  libshutdown2.o(.ARM.Collect$$libshutdown$$00000007)
    __rt_lib_shutdown_heap_1                 0x080001b7   Thumb Code     0  libshutdown2.o(.ARM.Collect$$libshutdown$$0000000F)
    __rt_lib_shutdown_return                 0x080001b7   Thumb Code     0  libshutdown2.o(.ARM.Collect$$libshutdown$$00000010)
    __rt_lib_shutdown_signal_1               0x080001b7   Thumb Code     0  libshutdown2.o(.ARM.Collect$$libshutdown$$0000000A)
    __rt_lib_shutdown_stdio_1                0x080001b7   Thumb Code     0  libshutdown2.o(.ARM.Collect$$libshutdown$$00000004)
    __rt_lib_shutdown_user_alloc_1           0x080001b7   Thumb Code     0  libshutdown2.o(.ARM.Collect$$libshutdown$$0000000C)
    __rt_entry                               0x080001b9   Thumb Code     0  __rtentry.o(.ARM.Collect$$rtentry$$00000000)
    __rt_entry_presh_1                       0x080001b9   Thumb Code     0  __rtentry2.o(.ARM.Collect$$rtentry$$00000002)
    __rt_entry_sh                            0x080001b9   Thumb Code     0  __rtentry4.o(.ARM.Collect$$rtentry$$00000004)
    __rt_entry_li                            0x080001bf   Thumb Code     0  __rtentry2.o(.ARM.Collect$$rtentry$$0000000A)
    __rt_entry_postsh_1                      0x080001bf   Thumb Code     0  __rtentry2.o(.ARM.Collect$$rtentry$$00000009)
    __rt_entry_main                          0x080001c3   Thumb Code     0  __rtentry2.o(.ARM.Collect$$rtentry$$0000000D)
    __rt_entry_postli_1                      0x080001c3   Thumb Code     0  __rtentry2.o(.ARM.Collect$$rtentry$$0000000C)
    __rt_exit                                0x080001cb   Thumb Code     0  rtexit.o(.ARM.Collect$$rtexit$$00000000)
    __rt_exit_ls                             0x080001cd   Thumb Code     0  rtexit2.o(.ARM.Collect$$rtexit$$00000003)
    __rt_exit_prels_1                        0x080001cd   Thumb Code     0  rtexit2.o(.ARM.Collect$$rtexit$$00000002)
    __rt_exit_exit                           0x080001d1   Thumb Code     0  rtexit2.o(.ARM.Collect$$rtexit$$00000004)
    Reset_Handler                            0x080001d9   Thumb Code     8  startup_stm32f103xb.o(.text)
    ADC1_2_IRQHandler                        0x080001f3   Thumb Code     0  startup_stm32f103xb.o(.text)
    CAN1_RX1_IRQHandler                      0x080001f3   Thumb Code     0  startup_stm32f103xb.o(.text)
    CAN1_SCE_IRQHandler                      0x080001f3   Thumb Code     0  startup_stm32f103xb.o(.text)
    DMA1_Channel1_IRQHandler                 0x080001f3   Thumb Code     0  startup_stm32f103xb.o(.text)
    DMA1_Channel2_IRQHandler                 0x080001f3   Thumb Code     0  startup_stm32f103xb.o(.text)
    DMA1_Channel3_IRQHandler                 0x080001f3   Thumb Code     0  startup_stm32f103xb.o(.text)
    DMA1_Channel4_IRQHandler                 0x080001f3   Thumb Code     0  startup_stm32f103xb.o(.text)
    DMA1_Channel5_IRQHandler                 0x080001f3   Thumb Code     0  startup_stm32f103xb.o(.text)
    DMA1_Channel6_IRQHandler                 0x080001f3   Thumb Code     0  startup_stm32f103xb.o(.text)
    DMA1_Channel7_IRQHandler                 0x080001f3   Thumb Code     0  startup_stm32f103xb.o(.text)
    EXTI0_IRQHandler                         0x080001f3   Thumb Code     0  startup_stm32f103xb.o(.text)
    EXTI15_10_IRQHandler                     0x080001f3   Thumb Code     0  startup_stm32f103xb.o(.text)
    EXTI1_IRQHandler                         0x080001f3   Thumb Code     0  startup_stm32f103xb.o(.text)
    EXTI2_IRQHandler                         0x080001f3   Thumb Code     0  startup_stm32f103xb.o(.text)
    EXTI3_IRQHandler                         0x080001f3   Thumb Code     0  startup_stm32f103xb.o(.text)
    EXTI4_IRQHandler                         0x080001f3   Thumb Code     0  startup_stm32f103xb.o(.text)
    EXTI9_5_IRQHandler                       0x080001f3   Thumb Code     0  startup_stm32f103xb.o(.text)
    FLASH_IRQHandler                         0x080001f3   Thumb Code     0  startup_stm32f103xb.o(.text)
    I2C1_ER_IRQHandler                       0x080001f3   Thumb Code     0  startup_stm32f103xb.o(.text)
    I2C1_EV_IRQHandler                       0x080001f3   Thumb Code     0  startup_stm32f103xb.o(.text)
    I2C2_ER_IRQHandler                       0x080001f3   Thumb Code     0  startup_stm32f103xb.o(.text)
    I2C2_EV_IRQHandler                       0x080001f3   Thumb Code     0  startup_stm32f103xb.o(.text)
    PVD_IRQHandler                           0x080001f3   Thumb Code     0  startup_stm32f103xb.o(.text)
    RCC_IRQHandler                           0x080001f3   Thumb Code     0  startup_stm32f103xb.o(.text)
    RTC_Alarm_IRQHandler                     0x080001f3   Thumb Code     0  startup_stm32f103xb.o(.text)
    RTC_IRQHandler                           0x080001f3   Thumb Code     0  startup_stm32f103xb.o(.text)
    SPI2_IRQHandler                          0x080001f3   Thumb Code     0  startup_stm32f103xb.o(.text)
    TAMPER_IRQHandler                        0x080001f3   Thumb Code     0  startup_stm32f103xb.o(.text)
    TIM1_BRK_IRQHandler                      0x080001f3   Thumb Code     0  startup_stm32f103xb.o(.text)
    TIM1_CC_IRQHandler                       0x080001f3   Thumb Code     0  startup_stm32f103xb.o(.text)
    TIM1_TRG_COM_IRQHandler                  0x080001f3   Thumb Code     0  startup_stm32f103xb.o(.text)
    TIM1_UP_IRQHandler                       0x080001f3   Thumb Code     0  startup_stm32f103xb.o(.text)
    TIM2_IRQHandler                          0x080001f3   Thumb Code     0  startup_stm32f103xb.o(.text)
    TIM3_IRQHandler                          0x080001f3   Thumb Code     0  startup_stm32f103xb.o(.text)
    TIM4_IRQHandler                          0x080001f3   Thumb Code     0  startup_stm32f103xb.o(.text)
    USART1_IRQHandler                        0x080001f3   Thumb Code     0  startup_stm32f103xb.o(.text)
    USART2_IRQHandler                        0x080001f3   Thumb Code     0  startup_stm32f103xb.o(.text)
    USART3_IRQHandler                        0x080001f3   Thumb Code     0  startup_stm32f103xb.o(.text)
    USBWakeUp_IRQHandler                     0x080001f3   Thumb Code     0  startup_stm32f103xb.o(.text)
    WWDG_IRQHandler                          0x080001f3   Thumb Code     0  startup_stm32f103xb.o(.text)
    __user_initial_stackheap                 0x080001f5   Thumb Code     0  startup_stm32f103xb.o(.text)
    __2sprintf                               0x08000219   Thumb Code    34  noretval__2sprintf.o(.text)
    _printf_pre_padding                      0x08000241   Thumb Code    44  _printf_pad.o(.text)
    _printf_post_padding                     0x0800026d   Thumb Code    34  _printf_pad.o(.text)
    _printf_str                              0x0800028f   Thumb Code    82  _printf_str.o(.text)
    _printf_int_dec                          0x080002e1   Thumb Code   104  _printf_dec.o(.text)
    __printf                                 0x08000359   Thumb Code   270  __printf_wp.o(.text)
    strcspn                                  0x08000467   Thumb Code    32  strcspn.o(.text)
    strlen                                   0x08000487   Thumb Code    62  strlen.o(.text)
    strncmp                                  0x080004c5   Thumb Code   150  strncmp.o(.text)
    __aeabi_memcpy4                          0x0800055b   Thumb Code     0  rt_memcpy_w.o(.text)
    __aeabi_memcpy8                          0x0800055b   Thumb Code     0  rt_memcpy_w.o(.text)
    __rt_memcpy_w                            0x0800055b   Thumb Code   100  rt_memcpy_w.o(.text)
    _memcpy_lastbytes_aligned                0x080005a3   Thumb Code     0  rt_memcpy_w.o(.text)
    strncpy                                  0x080005bf   Thumb Code    86  strncpy.o(.text)
    __use_two_region_memory                  0x08000615   Thumb Code     2  heapauxi.o(.text)
    __rt_heap_escrow$2region                 0x08000617   Thumb Code     2  heapauxi.o(.text)
    __rt_heap_expand$2region                 0x08000619   Thumb Code     2  heapauxi.o(.text)
    _printf_int_common                       0x0800061b   Thumb Code   178  _printf_intcommon.o(.text)
    _printf_char_common                      0x080006d7   Thumb Code    32  _printf_char_common.o(.text)
    _sputc                                   0x080006fd   Thumb Code    10  _sputc.o(.text)
    _printf_cs_common                        0x08000707   Thumb Code    20  _printf_char.o(.text)
    _printf_char                             0x0800071b   Thumb Code    16  _printf_char.o(.text)
    _printf_string                           0x0800072b   Thumb Code     8  _printf_char.o(.text)
    __aeabi_memclr                           0x08000733   Thumb Code     0  rt_memclr.o(.text)
    __rt_memclr                              0x08000733   Thumb Code    68  rt_memclr.o(.text)
    _memset                                  0x08000737   Thumb Code     0  rt_memclr.o(.text)
    __aeabi_memclr4                          0x08000777   Thumb Code     0  rt_memclr_w.o(.text)
    __aeabi_memclr8                          0x08000777   Thumb Code     0  rt_memclr_w.o(.text)
    __rt_memclr_w                            0x08000777   Thumb Code    78  rt_memclr_w.o(.text)
    _memset_w                                0x0800077b   Thumb Code     0  rt_memclr_w.o(.text)
    __user_setup_stackheap                   0x080007c5   Thumb Code    74  sys_stackheap_outer.o(.text)
    exit                                     0x0800080f   Thumb Code    18  exit.o(.text)
    __user_libspace                          0x08000821   Thumb Code     8  libspace.o(.text)
    __user_perproc_libspace                  0x08000821   Thumb Code     0  libspace.o(.text)
    __user_perthread_libspace                0x08000821   Thumb Code     0  libspace.o(.text)
    _sys_exit                                0x08000829   Thumb Code     8  sys_exit.o(.text)
    __I$use$semihosting                      0x08000835   Thumb Code     0  use_no_semi.o(.text)
    __use_no_semihosting_swi                 0x08000835   Thumb Code     2  use_no_semi.o(.text)
    __semihosting_library_function           0x08000837   Thumb Code     0  indicate_semi.o(.text)
    BurstWrite                               0x08000839   Thumb Code    68  spi.o(i.BurstWrite)
    BusFault_Handler                         0x08000881   Thumb Code     4  stm32f1xx_it.o(i.BusFault_Handler)
    CDC_Transmit_FS                          0x0800090d   Thumb Code    50  usbd_cdc_if.o(i.CDC_Transmit_FS)
    DebugMon_Handler                         0x08000945   Thumb Code     2  stm32f1xx_it.o(i.DebugMon_Handler)
    Error_Handler                            0x08000947   Thumb Code     4  main.o(i.Error_Handler)
    HAL_Delay                                0x0800094b   Thumb Code    26  stm32f1xx_hal.o(i.HAL_Delay)
    HAL_GPIO_Init                            0x08000965   Thumb Code   764  stm32f1xx_hal_gpio.o(i.HAL_GPIO_Init)
    HAL_GPIO_ReadPin                         0x08000c81   Thumb Code    16  stm32f1xx_hal_gpio.o(i.HAL_GPIO_ReadPin)
    HAL_GPIO_WritePin                        0x08000c91   Thumb Code    12  stm32f1xx_hal_gpio.o(i.HAL_GPIO_WritePin)
    HAL_GetTick                              0x08000c9d   Thumb Code     6  stm32f1xx_hal.o(i.HAL_GetTick)
    HAL_IncTick                              0x08000ca9   Thumb Code    12  stm32f1xx_hal.o(i.HAL_IncTick)
    HAL_Init                                 0x08000cb9   Thumb Code    34  stm32f1xx_hal.o(i.HAL_Init)
    HAL_InitTick                             0x08000ce1   Thumb Code    36  stm32f1xx_hal.o(i.HAL_InitTick)
    HAL_MspInit                              0x08000d05   Thumb Code   130  stm32f1xx_hal_msp.o(i.HAL_MspInit)
    HAL_NVIC_EnableIRQ                       0x08000d91   Thumb Code    26  stm32f1xx_hal_cortex.o(i.HAL_NVIC_EnableIRQ)
    HAL_NVIC_SetPriority                     0x08000dab   Thumb Code   124  stm32f1xx_hal_cortex.o(i.HAL_NVIC_SetPriority)
    HAL_NVIC_SetPriorityGrouping             0x08000e29   Thumb Code    32  stm32f1xx_hal_cortex.o(i.HAL_NVIC_SetPriorityGrouping)
    HAL_PCDEx_PMAConfig                      0x08000e51   Thumb Code    62  stm32f1xx_hal_pcd_ex.o(i.HAL_PCDEx_PMAConfig)
    HAL_PCDEx_SetConnectionState             0x08000e8f   Thumb Code     2  usbd_conf.o(i.HAL_PCDEx_SetConnectionState)
    HAL_PCD_DataInStageCallback              0x08000e91   Thumb Code    28  usbd_conf.o(i.HAL_PCD_DataInStageCallback)
    HAL_PCD_DataOutStageCallback             0x08000ead   Thumb Code    28  usbd_conf.o(i.HAL_PCD_DataOutStageCallback)
    HAL_PCD_EP_Close                         0x08000ec9   Thumb Code   100  stm32f1xx_hal_pcd.o(i.HAL_PCD_EP_Close)
    HAL_PCD_EP_ClrStall                      0x08000f2d   Thumb Code    98  stm32f1xx_hal_pcd.o(i.HAL_PCD_EP_ClrStall)
    HAL_PCD_EP_GetRxCount                    0x08000f8f   Thumb Code    20  stm32f1xx_hal_pcd.o(i.HAL_PCD_EP_GetRxCount)
    HAL_PCD_EP_Open                          0x08000fa3   Thumb Code   118  stm32f1xx_hal_pcd.o(i.HAL_PCD_EP_Open)
    HAL_PCD_EP_Receive                       0x08001019   Thumb Code   106  stm32f1xx_hal_pcd.o(i.HAL_PCD_EP_Receive)
    HAL_PCD_EP_SetStall                      0x08001083   Thumb Code   114  stm32f1xx_hal_pcd.o(i.HAL_PCD_EP_SetStall)
    HAL_PCD_EP_Transmit                      0x080010f5   Thumb Code   108  stm32f1xx_hal_pcd.o(i.HAL_PCD_EP_Transmit)
    HAL_PCD_IRQHandler                       0x08001161   Thumb Code   356  stm32f1xx_hal_pcd.o(i.HAL_PCD_IRQHandler)
    HAL_PCD_Init                             0x080012c5   Thumb Code   282  stm32f1xx_hal_pcd.o(i.HAL_PCD_Init)
    HAL_PCD_MspInit                          0x080013e1   Thumb Code    74  usbd_conf.o(i.HAL_PCD_MspInit)
    HAL_PCD_ResetCallback                    0x08001435   Thumb Code    42  usbd_conf.o(i.HAL_PCD_ResetCallback)
    HAL_PCD_ResumeCallback                   0x0800145f   Thumb Code    14  usbd_conf.o(i.HAL_PCD_ResumeCallback)
    HAL_PCD_SOFCallback                      0x0800146d   Thumb Code    14  usbd_conf.o(i.HAL_PCD_SOFCallback)
    HAL_PCD_SetAddress                       0x0800147b   Thumb Code    54  stm32f1xx_hal_pcd.o(i.HAL_PCD_SetAddress)
    HAL_PCD_SetupStageCallback               0x080014b1   Thumb Code    18  usbd_conf.o(i.HAL_PCD_SetupStageCallback)
    HAL_PCD_Start                            0x080014c3   Thumb Code    60  stm32f1xx_hal_pcd.o(i.HAL_PCD_Start)
    HAL_PCD_SuspendCallback                  0x08001501   Thumb Code    30  usbd_conf.o(i.HAL_PCD_SuspendCallback)
    HAL_RCCEx_PeriphCLKConfig                0x08001525   Thumb Code   366  stm32f1xx_hal_rcc_ex.o(i.HAL_RCCEx_PeriphCLKConfig)
    HAL_RCC_ClockConfig                      0x080016a1   Thumb Code   648  stm32f1xx_hal_rcc.o(i.HAL_RCC_ClockConfig)
    HAL_RCC_GetHCLKFreq                      0x08001939   Thumb Code     6  stm32f1xx_hal_rcc.o(i.HAL_RCC_GetHCLKFreq)
    HAL_RCC_GetSysClockFreq                  0x08001945   Thumb Code   146  stm32f1xx_hal_rcc.o(i.HAL_RCC_GetSysClockFreq)
    HAL_RCC_OscConfig                        0x080019f9   Thumb Code  2164  stm32f1xx_hal_rcc.o(i.HAL_RCC_OscConfig)
    HAL_SPI_ErrorCallback                    0x08002271   Thumb Code     2  stm32f1xx_hal_spi.o(i.HAL_SPI_ErrorCallback)
    HAL_SPI_IRQHandler                       0x08002273   Thumb Code   228  stm32f1xx_hal_spi.o(i.HAL_SPI_IRQHandler)
    HAL_SPI_Init                             0x08002359   Thumb Code   134  stm32f1xx_hal_spi_ex.o(i.HAL_SPI_Init)
    HAL_SPI_MspInit                          0x080023e5   Thumb Code   100  stm32f1xx_hal_msp.o(i.HAL_SPI_MspInit)
    HAL_SPI_Receive                          0x08002455   Thumb Code   588  stm32f1xx_hal_spi.o(i.HAL_SPI_Receive)
    HAL_SPI_Transmit                         0x080026a1   Thumb Code   448  stm32f1xx_hal_spi.o(i.HAL_SPI_Transmit)
    HAL_SPI_TransmitReceive                  0x08002861   Thumb Code   836  stm32f1xx_hal_spi.o(i.HAL_SPI_TransmitReceive)
    HAL_SYSTICK_CLKSourceConfig              0x08002ba5   Thumb Code    40  stm32f1xx_hal_cortex.o(i.HAL_SYSTICK_CLKSourceConfig)
    HAL_SYSTICK_Callback                     0x08002bcd   Thumb Code     2  stm32f1xx_hal_cortex.o(i.HAL_SYSTICK_Callback)
    HAL_SYSTICK_Config                       0x08002bcf   Thumb Code    52  stm32f1xx_hal_cortex.o(i.HAL_SYSTICK_Config)
    HAL_SYSTICK_IRQHandler                   0x08002c03   Thumb Code     8  stm32f1xx_hal_cortex.o(i.HAL_SYSTICK_IRQHandler)
    HardFault_Handler                        0x08002c0b   Thumb Code     4  stm32f1xx_it.o(i.HardFault_Handler)
    MX_USB_DEVICE_Init                       0x08002d59   Thumb Code    36  usb_device.o(i.MX_USB_DEVICE_Init)
    MemManage_Handler                        0x08002d8d   Thumb Code     4  stm32f1xx_it.o(i.MemManage_Handler)
    NMI_Handler                              0x08002d91   Thumb Code     2  stm32f1xx_it.o(i.NMI_Handler)
    PendSV_Handler                           0x08003211   Thumb Code     2  stm32f1xx_it.o(i.PendSV_Handler)
    SPI1_IRQHandler                          0x08003215   Thumb Code    10  stm32f1xx_it.o(i.SPI1_IRQHandler)
    SPIBurstRead                             0x08003225   Thumb Code    66  spi.o(i.SPIBurstRead)
    SPICmd8bit                               0x0800326d   Thumb Code    26  spi.o(i.SPICmd8bit)
    SPIRead                                  0x08003291   Thumb Code    30  spi.o(i.SPIRead)
    SPIRead8bit                              0x080032b5   Thumb Code    34  spi.o(i.SPIRead8bit)
    SPIWrite                                 0x080032e1   Thumb Code    42  spi.o(i.SPIWrite)
    SPI_ISCRCErrorValid                      0x08003311   Thumb Code     6  stm32f1xx_hal_spi_ex.o(i.SPI_ISCRCErrorValid)
    SVC_Handler                              0x0800342b   Thumb Code     2  stm32f1xx_it.o(i.SVC_Handler)
    SysTick_Handler                          0x0800342d   Thumb Code    12  stm32f1xx_it.o(i.SysTick_Handler)
    SystemClock_Config                       0x08003439   Thumb Code   138  main.o(i.SystemClock_Config)
    SystemInit                               0x080034c9   Thumb Code    70  system_stm32f1xx.o(i.SystemInit)
    USBD_CDC_GetDeviceQualifierDescriptor    0x080035e1   Thumb Code    10  usbd_cdc.o(i.USBD_CDC_GetDeviceQualifierDescriptor)
    USBD_CDC_ReceivePacket                   0x080036c7   Thumb Code    58  usbd_cdc.o(i.USBD_CDC_ReceivePacket)
    USBD_CDC_RegisterInterface               0x08003701   Thumb Code    14  usbd_cdc.o(i.USBD_CDC_RegisterInterface)
    USBD_CDC_SetRxBuffer                     0x0800370f   Thumb Code    14  usbd_cdc.o(i.USBD_CDC_SetRxBuffer)
    USBD_CDC_SetTxBuffer                     0x0800371d   Thumb Code    20  usbd_cdc.o(i.USBD_CDC_SetTxBuffer)
    USBD_CDC_TransmitPacket                  0x080037c1   Thumb Code    56  usbd_cdc.o(i.USBD_CDC_TransmitPacket)
    USBD_ClrClassConfig                      0x080037f9   Thumb Code    22  usbd_core.o(i.USBD_ClrClassConfig)
    USBD_CtlContinueRx                       0x08003853   Thumb Code    24  usbd_ioreq.o(i.USBD_CtlContinueRx)
    USBD_CtlContinueSendData                 0x0800386b   Thumb Code    24  usbd_ioreq.o(i.USBD_CtlContinueSendData)
    USBD_CtlError                            0x08003883   Thumb Code    24  usbd_ctlreq.o(i.USBD_CtlError)
    USBD_CtlPrepareRx                        0x0800389b   Thumb Code    40  usbd_ioreq.o(i.USBD_CtlPrepareRx)
    USBD_CtlReceiveStatus                    0x080038c3   Thumb Code    26  usbd_ioreq.o(i.USBD_CtlReceiveStatus)
    USBD_CtlSendData                         0x080038dd   Thumb Code    34  usbd_ioreq.o(i.USBD_CtlSendData)
    USBD_CtlSendStatus                       0x080038ff   Thumb Code    26  usbd_ioreq.o(i.USBD_CtlSendStatus)
    USBD_FS_ConfigStrDescriptor              0x08003919   Thumb Code    34  usbd_desc.o(i.USBD_FS_ConfigStrDescriptor)
    USBD_FS_DeviceDescriptor                 0x0800394d   Thumb Code    10  usbd_desc.o(i.USBD_FS_DeviceDescriptor)
    USBD_FS_InterfaceStrDescriptor           0x0800395d   Thumb Code    34  usbd_desc.o(i.USBD_FS_InterfaceStrDescriptor)
    USBD_FS_LangIDStrDescriptor              0x08003995   Thumb Code    10  usbd_desc.o(i.USBD_FS_LangIDStrDescriptor)
    USBD_FS_ManufacturerStrDescriptor        0x080039a5   Thumb Code    20  usbd_desc.o(i.USBD_FS_ManufacturerStrDescriptor)
    USBD_FS_ProductStrDescriptor             0x080039d1   Thumb Code    34  usbd_desc.o(i.USBD_FS_ProductStrDescriptor)
    USBD_FS_SerialStrDescriptor              0x08003a11   Thumb Code    34  usbd_desc.o(i.USBD_FS_SerialStrDescriptor)
    USBD_GetString                           0x08003c39   Thumb Code    82  usbd_ctlreq.o(i.USBD_GetString)
    USBD_Init                                0x08003c8b   Thumb Code    50  usbd_core.o(i.USBD_Init)
    USBD_LL_ClearStallEP                     0x08003cbd   Thumb Code    68  usbd_conf.o(i.USBD_LL_ClearStallEP)
    USBD_LL_CloseEP                          0x08003d01   Thumb Code    68  usbd_conf.o(i.USBD_LL_CloseEP)
    USBD_LL_DataInStage                      0x08003d45   Thumb Code   218  usbd_core.o(i.USBD_LL_DataInStage)
    USBD_LL_DataOutStage                     0x08003e1f   Thumb Code   134  usbd_core.o(i.USBD_LL_DataOutStage)
    USBD_LL_GetRxDataSize                    0x08003ea5   Thumb Code    18  usbd_conf.o(i.USBD_LL_GetRxDataSize)
    USBD_LL_Init                             0x08003eb9   Thumb Code   128  usbd_conf.o(i.USBD_LL_Init)
    USBD_LL_IsStallEP                        0x08003f41   Thumb Code    48  usbd_conf.o(i.USBD_LL_IsStallEP)
    USBD_LL_OpenEP                           0x08003f71   Thumb Code    98  usbd_conf.o(i.USBD_LL_OpenEP)
    USBD_LL_PrepareReceive                   0x08003fd3   Thumb Code    98  usbd_conf.o(i.USBD_LL_PrepareReceive)
    USBD_LL_Reset                            0x08004035   Thumb Code    68  usbd_core.o(i.USBD_LL_Reset)
    USBD_LL_Resume                           0x08004079   Thumb Code    14  usbd_core.o(i.USBD_LL_Resume)
    USBD_LL_SOF                              0x08004087   Thumb Code    34  usbd_core.o(i.USBD_LL_SOF)
    USBD_LL_SetSpeed                         0x080040a9   Thumb Code     8  usbd_core.o(i.USBD_LL_SetSpeed)
    USBD_LL_SetUSBAddress                    0x080040b1   Thumb Code    68  usbd_conf.o(i.USBD_LL_SetUSBAddress)
    USBD_LL_SetupStage                       0x080040f5   Thumb Code   110  usbd_core.o(i.USBD_LL_SetupStage)
    USBD_LL_StallEP                          0x08004163   Thumb Code    68  usbd_conf.o(i.USBD_LL_StallEP)
    USBD_LL_Start                            0x080041a7   Thumb Code    60  usbd_conf.o(i.USBD_LL_Start)
    USBD_LL_Suspend                          0x080041e3   Thumb Code    20  usbd_core.o(i.USBD_LL_Suspend)
    USBD_LL_Transmit                         0x080041f7   Thumb Code    98  usbd_conf.o(i.USBD_LL_Transmit)
    USBD_ParseSetupRequest                   0x08004259   Thumb Code    40  usbd_ctlreq.o(i.USBD_ParseSetupRequest)
    USBD_RegisterClass                       0x08004281   Thumb Code    16  usbd_core.o(i.USBD_RegisterClass)
    USBD_RunTestMode                         0x08004291   Thumb Code     6  usbd_core.o(i.USBD_RunTestMode)
    USBD_SetClassConfig                      0x080042eb   Thumb Code    34  usbd_core.o(i.USBD_SetClassConfig)
    USBD_Start                               0x08004411   Thumb Code    14  usbd_core.o(i.USBD_Start)
    USBD_StdDevReq                           0x0800441f   Thumb Code   114  usbd_ctlreq.o(i.USBD_StdDevReq)
    USBD_StdEPReq                            0x08004491   Thumb Code   342  usbd_ctlreq.o(i.USBD_StdEPReq)
    USBD_StdItfReq                           0x080045e7   Thumb Code    74  usbd_ctlreq.o(i.USBD_StdItfReq)
    USBD_static_free                         0x08004631   Thumb Code     2  usbd_conf.o(i.USBD_static_free)
    USBD_static_malloc                       0x08004635   Thumb Code     6  usbd_conf.o(i.USBD_static_malloc)
    USB_ActivateEndpoint                     0x08004641   Thumb Code   938  stm32f1xx_ll_usb.o(i.USB_ActivateEndpoint)
    USB_CoreInit                             0x080049eb   Thumb Code     8  stm32f1xx_ll_usb.o(i.USB_CoreInit)
    USB_DeactivateEndpoint                   0x080049f3   Thumb Code   532  stm32f1xx_ll_usb.o(i.USB_DeactivateEndpoint)
    USB_DevConnect                           0x08004c07   Thumb Code     6  stm32f1xx_ll_usb.o(i.USB_DevConnect)
    USB_DevDisconnect                        0x08004c0d   Thumb Code     6  stm32f1xx_ll_usb.o(i.USB_DevDisconnect)
    USB_DevInit                              0x08004c13   Thumb Code    22  stm32f1xx_ll_usb.o(i.USB_DevInit)
    USB_DisableGlobalInt                     0x08004c29   Thumb Code    22  stm32f1xx_ll_usb.o(i.USB_DisableGlobalInt)
    USB_EP0_OutStart                         0x08004c3f   Thumb Code     6  stm32f1xx_ll_usb.o(i.USB_EP0_OutStart)
    USB_EPClearStall                         0x08004c45   Thumb Code   180  stm32f1xx_ll_usb.o(i.USB_EPClearStall)
    USB_EPSetStall                           0x08004cf9   Thumb Code   134  stm32f1xx_ll_usb.o(i.USB_EPSetStall)
    USB_EPStartXfer                          0x08004d7f   Thumb Code   818  stm32f1xx_ll_usb.o(i.USB_EPStartXfer)
    USB_EnableGlobalInt                      0x080050b1   Thumb Code    22  stm32f1xx_ll_usb.o(i.USB_EnableGlobalInt)
    USB_HP_CAN1_TX_IRQHandler                0x080050c9   Thumb Code    10  stm32f1xx_it.o(i.USB_HP_CAN1_TX_IRQHandler)
    USB_LP_CAN1_RX0_IRQHandler               0x080050d9   Thumb Code    10  stm32f1xx_it.o(i.USB_LP_CAN1_RX0_IRQHandler)
    USB_ReadInterrupts                       0x080050e9   Thumb Code    10  stm32f1xx_ll_usb.o(i.USB_ReadInterrupts)
    USB_ReadPMA                              0x080050f3   Thumb Code    40  stm32f1xx_ll_usb.o(i.USB_ReadPMA)
    USB_SetCurrentMode                       0x0800511b   Thumb Code     6  stm32f1xx_ll_usb.o(i.USB_SetCurrentMode)
    USB_SetDevAddress                        0x08005121   Thumb Code    14  stm32f1xx_ll_usb.o(i.USB_SetDevAddress)
    USB_WritePMA                             0x0800512f   Thumb Code    66  stm32f1xx_ll_usb.o(i.USB_WritePMA)
    UsageFault_Handler                       0x08005171   Thumb Code     4  stm32f1xx_it.o(i.UsageFault_Handler)
    _is_digit                                0x08005175   Thumb Code    14  __printf_wp.o(i._is_digit)
    main                                     0x08005183   Thumb Code    28  main.o(i.main)
    mainApp                                  0x080051a1   Thumb Code  1392  mainapp.o(i.mainApp)
    sx1276_7_8_Config                        0x08005739   Thumb Code   244  sx1276_7_8.o(i.sx1276_7_8_Config)
    sx1276_7_8_EntryLoRa                     0x0800584d   Thumb Code    12  sx1276_7_8.o(i.sx1276_7_8_EntryLoRa)
    sx1276_7_8_LoRaClearIrq                  0x08005859   Thumb Code    12  sx1276_7_8.o(i.sx1276_7_8_LoRaClearIrq)
    sx1276_7_8_LoRaEntryRx                   0x08005865   Thumb Code   122  sx1276_7_8.o(i.sx1276_7_8_LoRaEntryRx)
    sx1276_7_8_LoRaEntryTx                   0x080058e5   Thumb Code   104  sx1276_7_8.o(i.sx1276_7_8_LoRaEntryTx)
    sx1276_7_8_LoRaReadRSSI                  0x08005951   Thumb Code   128  sx1276_7_8.o(i.sx1276_7_8_LoRaReadRSSI)
    sx1276_7_8_LoRaRxPacket                  0x080059d5   Thumb Code    94  sx1276_7_8.o(i.sx1276_7_8_LoRaRxPacket)
    sx1276_7_8_LoRaTxPacket                  0x08005a45   Thumb Code    60  sx1276_7_8.o(i.sx1276_7_8_LoRaTxPacket)
    sx1276_7_8_Sleep                         0x08005a89   Thumb Code    12  sx1276_7_8.o(i.sx1276_7_8_Sleep)
    sx1276_7_8_Standby                       0x08005a95   Thumb Code    12  sx1276_7_8.o(i.sx1276_7_8_Standby)
    __aeabi_dadd                             0x08005aa1   Thumb Code     0  daddsub_clz.o(x$fpl$dadd)
    _dadd                                    0x08005aa1   Thumb Code   332  daddsub_clz.o(x$fpl$dadd)
    __aeabi_d2iz                             0x08005bf1   Thumb Code     0  dfix.o(x$fpl$dfix)
    _dfix                                    0x08005bf1   Thumb Code    94  dfix.o(x$fpl$dfix)
    __aeabi_i2d                              0x08005c4f   Thumb Code     0  dflt_clz.o(x$fpl$dflt)
    _dflt                                    0x08005c4f   Thumb Code    46  dflt_clz.o(x$fpl$dflt)
    __aeabi_dmul                             0x08005c7d   Thumb Code     0  dmul.o(x$fpl$dmul)
    _dmul                                    0x08005c7d   Thumb Code   332  dmul.o(x$fpl$dmul)
    __fpl_dnaninf                            0x08005dd1   Thumb Code   156  dnaninf.o(x$fpl$dnaninf)
    __fpl_dretinf                            0x08005e6d   Thumb Code    12  dretinf.o(x$fpl$dretinf)
    __aeabi_dsub                             0x08005e79   Thumb Code     0  daddsub_clz.o(x$fpl$dsub)
    _dsub                                    0x08005e79   Thumb Code   464  daddsub_clz.o(x$fpl$dsub)
    __I$use$fp                               0x0800604c   Number         0  usenofp.o(x$fpl$usenofp)
    sx1276_7_8FreqTbl                        0x0800604c   Data           3  sx1276_7_8.o(.constdata)
    sx1276_7_8PowerTbl                       0x0800604f   Data           4  sx1276_7_8.o(.constdata)
    sx1276_7_8SpreadFactorTbl                0x08006053   Data           7  sx1276_7_8.o(.constdata)
    sx1276_7_8LoRaBwTbl                      0x0800605a   Data          10  sx1276_7_8.o(.constdata)
    AHBPrescTable                            0x08006064   Data          16  system_stm32f1xx.o(.constdata)
    APBPrescTable                            0x08006074   Data           8  system_stm32f1xx.o(.constdata)
    Region$$Table$$Base                      0x080060e4   Number         0  anon$$obj.o(Region$$Table)
    Region$$Table$$Limit                     0x08006104   Number         0  anon$$obj.o(Region$$Table)
    uCRCErrorWorkaroundCheck                 0x20000004   Data           1  stm32f1xx_hal_spi_ex.o(.data)
    SysTime                                  0x20000008   Data           2  mainapp.o(.data)
    time2_count                              0x2000000a   Data           2  mainapp.o(.data)
    key1_time_count                          0x2000000c   Data           2  mainapp.o(.data)
    key2_time_count                          0x2000000e   Data           2  mainapp.o(.data)
    rf_rx_packet_length                      0x20000010   Data           1  mainapp.o(.data)
    mode                                     0x20000011   Data           1  mainapp.o(.data)
    Freq_Sel                                 0x20000012   Data           1  mainapp.o(.data)
    Power_Sel                                0x20000013   Data           1  mainapp.o(.data)
    Lora_Rate_Sel                            0x20000014   Data           1  mainapp.o(.data)
    BandWide_Sel                             0x20000015   Data           1  mainapp.o(.data)
    count                                    0x20000018   Data           4  mainapp.o(.data)
    number_of_ack                            0x2000001c   Data           4  mainapp.o(.data)
    number_of_noack                          0x20000020   Data           4  mainapp.o(.data)
    Fsk_Rate_Sel                             0x20000024   Data           1  mainapp.o(.data)
    count_idx                                0x20000025   Data           1  mainapp.o(.data)
    flag_idx                                 0x20000026   Data           1  mainapp.o(.data)
    count_1                                  0x20000027   Data           1  mainapp.o(.data)
    count_2                                  0x20000028   Data           1  mainapp.o(.data)
    count_3                                  0x20000029   Data           1  mainapp.o(.data)
    key1_count                               0x2000002a   Data           1  mainapp.o(.data)
    time_flag                                0x2000002b   Data           1  mainapp.o(.data)
    operation_flag                           0x2000002c   Data           1  mainapp.o(.data)
    key_flag                                 0x2000002d   Data           1  mainapp.o(.data)
    tick_temp                                0x20000030   Data           4  mainapp.o(.data)
    sx1276_7_8Data                           0x20000034   Data          64  sx1276_7_8.o(.data)
    temp                                     0x20000074   Data           1  sx1276_7_8.o(.data)
    result                                   0x20000075   Data           1  sx1276_7_8.o(.data)
    SystemCoreClock                          0x20000078   Data           4  system_stm32f1xx.o(.data)
    UserRxBufferFS                           0x2000007c   Data           4  usbd_cdc_if.o(.data)
    UserTxBufferFS                           0x20000080   Data           4  usbd_cdc_if.o(.data)
    USBD_Interface_fops_FS                   0x20000084   Data          16  usbd_cdc_if.o(.data)
    FS_Desc                                  0x20000094   Data          28  usbd_desc.o(.data)
    USBD_FS_DeviceDesc                       0x200000b0   Data          18  usbd_desc.o(.data)
    USBD_LangIDDesc                          0x200000c4   Data           4  usbd_desc.o(.data)
    USBD_CDC                                 0x200000d4   Data          56  usbd_cdc.o(.data)
    USBD_CDC_CfgHSDesc                       0x2000010c   Data          67  usbd_cdc.o(.data)
    USBD_CDC_CfgFSDesc                       0x20000150   Data          67  usbd_cdc.o(.data)
    USBD_CDC_OtherSpeedCfgDesc               0x20000194   Data          67  usbd_cdc.o(.data)
    hspi1                                    0x200001dc   Data          88  main.o(.bss)
    strBuf                                   0x20000234   Data         128  mainapp.o(.bss)
    RSSI_Array                               0x200002b4   Data           9  mainapp.o(.bss)
    RxData                                   0x200002bd   Data          64  sx1276_7_8.o(.bss)
    RxData1                                  0x200002fd   Data          64  sx1276_7_8.o(.bss)
    hUsbDeviceFS                             0x20000340   Data         548  usb_device.o(.bss)
    hpcd_USB_FS                              0x20000564   Data        1056  usbd_conf.o(.bss)
    USBD_StrDesc                             0x20000ba4   Data         512  usbd_desc.o(.bss)
    __libspace_start                         0x20000da4   Data          96  libspace.o(.bss)
    __temporary_stack_top$libspace           0x20000e04   Data           0  libspace.o(.bss)



==============================================================================

Memory Map of the image

  Image Entry point : 0x080001d9

  Load Region LR_1 (Base: 0x08000000, Size: 0x000062e0, Max: 0xffffffff, ABSOLUTE, COMPRESSED[0x000061e0])

    Execution Region ER_RO (Exec base: 0x08000000, Load base: 0x08000000, Size: 0x00006104, Max: 0xffffffff, ABSOLUTE)

    Exec Addr    Load Addr    Size         Type   Attr      Idx    E Section Name        Object

    0x08000000   0x08000000   0x000000ec   Data   RO            3    RESET               startup_stm32f103xb.o
    0x080000ec   0x080000ec   0x00000008   Code   RO         3128  * !!!main             c_w.l(__main.o)
    0x080000f4   0x080000f4   0x00000034   Code   RO         3325    !!!scatter          c_w.l(__scatter.o)
    0x08000128   0x08000128   0x0000005a   Code   RO         3323    !!dczerorl2         c_w.l(__dczerorl2.o)
    0x08000182   0x08000182   0x00000002   PAD
    0x08000184   0x08000184   0x0000001c   Code   RO         3327    !!handler_zi        c_w.l(__scatter_zi.o)
    0x080001a0   0x080001a0   0x00000000   Code   RO         3115    .ARM.Collect$$_printf_percent$$00000000  c_w.l(_printf_percent.o)
    0x080001a0   0x080001a0   0x00000006   Code   RO         3114    .ARM.Collect$$_printf_percent$$00000009  c_w.l(_printf_d.o)
    0x080001a6   0x080001a6   0x00000006   Code   RO         3113    .ARM.Collect$$_printf_percent$$00000014  c_w.l(_printf_s.o)
    0x080001ac   0x080001ac   0x00000004   Code   RO         3157    .ARM.Collect$$_printf_percent$$00000017  c_w.l(_printf_percent_end.o)
    0x080001b0   0x080001b0   0x00000002   Code   RO         3193    .ARM.Collect$$libinit$$00000000  c_w.l(libinit.o)
    0x080001b2   0x080001b2   0x00000000   Code   RO         3200    .ARM.Collect$$libinit$$00000002  c_w.l(libinit2.o)
    0x080001b2   0x080001b2   0x00000000   Code   RO         3202    .ARM.Collect$$libinit$$00000004  c_w.l(libinit2.o)
    0x080001b2   0x080001b2   0x00000000   Code   RO         3205    .ARM.Collect$$libinit$$0000000A  c_w.l(libinit2.o)
    0x080001b2   0x080001b2   0x00000000   Code   RO         3207    .ARM.Collect$$libinit$$0000000C  c_w.l(libinit2.o)
    0x080001b2   0x080001b2   0x00000000   Code   RO         3209    .ARM.Collect$$libinit$$0000000E  c_w.l(libinit2.o)
    0x080001b2   0x080001b2   0x00000000   Code   RO         3212    .ARM.Collect$$libinit$$00000011  c_w.l(libinit2.o)
    0x080001b2   0x080001b2   0x00000000   Code   RO         3214    .ARM.Collect$$libinit$$00000013  c_w.l(libinit2.o)
    0x080001b2   0x080001b2   0x00000000   Code   RO         3216    .ARM.Collect$$libinit$$00000015  c_w.l(libinit2.o)
    0x080001b2   0x080001b2   0x00000000   Code   RO         3218    .ARM.Collect$$libinit$$00000017  c_w.l(libinit2.o)
    0x080001b2   0x080001b2   0x00000000   Code   RO         3220    .ARM.Collect$$libinit$$00000019  c_w.l(libinit2.o)
    0x080001b2   0x080001b2   0x00000000   Code   RO         3222    .ARM.Collect$$libinit$$0000001B  c_w.l(libinit2.o)
    0x080001b2   0x080001b2   0x00000000   Code   RO         3224    .ARM.Collect$$libinit$$0000001D  c_w.l(libinit2.o)
    0x080001b2   0x080001b2   0x00000000   Code   RO         3226    .ARM.Collect$$libinit$$0000001F  c_w.l(libinit2.o)
    0x080001b2   0x080001b2   0x00000000   Code   RO         3228    .ARM.Collect$$libinit$$00000021  c_w.l(libinit2.o)
    0x080001b2   0x080001b2   0x00000000   Code   RO         3230    .ARM.Collect$$libinit$$00000023  c_w.l(libinit2.o)
    0x080001b2   0x080001b2   0x00000000   Code   RO         3232    .ARM.Collect$$libinit$$00000025  c_w.l(libinit2.o)
    0x080001b2   0x080001b2   0x00000000   Code   RO         3236    .ARM.Collect$$libinit$$0000002C  c_w.l(libinit2.o)
    0x080001b2   0x080001b2   0x00000000   Code   RO         3238    .ARM.Collect$$libinit$$0000002E  c_w.l(libinit2.o)
    0x080001b2   0x080001b2   0x00000000   Code   RO         3240    .ARM.Collect$$libinit$$00000030  c_w.l(libinit2.o)
    0x080001b2   0x080001b2   0x00000000   Code   RO         3242    .ARM.Collect$$libinit$$00000032  c_w.l(libinit2.o)
    0x080001b2   0x080001b2   0x00000002   Code   RO         3243    .ARM.Collect$$libinit$$00000033  c_w.l(libinit2.o)
    0x080001b4   0x080001b4   0x00000002   Code   RO         3263    .ARM.Collect$$libshutdown$$00000000  c_w.l(libshutdown.o)
    0x080001b6   0x080001b6   0x00000000   Code   RO         3276    .ARM.Collect$$libshutdown$$00000002  c_w.l(libshutdown2.o)
    0x080001b6   0x080001b6   0x00000000   Code   RO         3278    .ARM.Collect$$libshutdown$$00000004  c_w.l(libshutdown2.o)
    0x080001b6   0x080001b6   0x00000000   Code   RO         3281    .ARM.Collect$$libshutdown$$00000007  c_w.l(libshutdown2.o)
    0x080001b6   0x080001b6   0x00000000   Code   RO         3284    .ARM.Collect$$libshutdown$$0000000A  c_w.l(libshutdown2.o)
    0x080001b6   0x080001b6   0x00000000   Code   RO         3286    .ARM.Collect$$libshutdown$$0000000C  c_w.l(libshutdown2.o)
    0x080001b6   0x080001b6   0x00000000   Code   RO         3289    .ARM.Collect$$libshutdown$$0000000F  c_w.l(libshutdown2.o)
    0x080001b6   0x080001b6   0x00000002   Code   RO         3290    .ARM.Collect$$libshutdown$$00000010  c_w.l(libshutdown2.o)
    0x080001b8   0x080001b8   0x00000000   Code   RO         3148    .ARM.Collect$$rtentry$$00000000  c_w.l(__rtentry.o)
    0x080001b8   0x080001b8   0x00000000   Code   RO         3166    .ARM.Collect$$rtentry$$00000002  c_w.l(__rtentry2.o)
    0x080001b8   0x080001b8   0x00000006   Code   RO         3178    .ARM.Collect$$rtentry$$00000004  c_w.l(__rtentry4.o)
    0x080001be   0x080001be   0x00000000   Code   RO         3168    .ARM.Collect$$rtentry$$00000009  c_w.l(__rtentry2.o)
    0x080001be   0x080001be   0x00000004   Code   RO         3169    .ARM.Collect$$rtentry$$0000000A  c_w.l(__rtentry2.o)
    0x080001c2   0x080001c2   0x00000000   Code   RO         3171    .ARM.Collect$$rtentry$$0000000C  c_w.l(__rtentry2.o)
    0x080001c2   0x080001c2   0x00000008   Code   RO         3172    .ARM.Collect$$rtentry$$0000000D  c_w.l(__rtentry2.o)
    0x080001ca   0x080001ca   0x00000002   Code   RO         3197    .ARM.Collect$$rtexit$$00000000  c_w.l(rtexit.o)
    0x080001cc   0x080001cc   0x00000000   Code   RO         3245    .ARM.Collect$$rtexit$$00000002  c_w.l(rtexit2.o)
    0x080001cc   0x080001cc   0x00000004   Code   RO         3246    .ARM.Collect$$rtexit$$00000003  c_w.l(rtexit2.o)
    0x080001d0   0x080001d0   0x00000006   Code   RO         3247    .ARM.Collect$$rtexit$$00000004  c_w.l(rtexit2.o)
    0x080001d6   0x080001d6   0x00000002   PAD
    0x080001d8   0x080001d8   0x00000040   Code   RO            4  * .text               startup_stm32f103xb.o
    0x08000218   0x08000218   0x00000028   Code   RO         3083    .text               c_w.l(noretval__2sprintf.o)
    0x08000240   0x08000240   0x0000004e   Code   RO         3087    .text               c_w.l(_printf_pad.o)
    0x0800028e   0x0800028e   0x00000052   Code   RO         3089    .text               c_w.l(_printf_str.o)
    0x080002e0   0x080002e0   0x00000078   Code   RO         3091    .text               c_w.l(_printf_dec.o)
    0x08000358   0x08000358   0x0000010e   Code   RO         3101    .text               c_w.l(__printf_wp.o)
    0x08000466   0x08000466   0x00000020   Code   RO         3116    .text               c_w.l(strcspn.o)
    0x08000486   0x08000486   0x0000003e   Code   RO         3118    .text               c_w.l(strlen.o)
    0x080004c4   0x080004c4   0x00000096   Code   RO         3120    .text               c_w.l(strncmp.o)
    0x0800055a   0x0800055a   0x00000064   Code   RO         3122    .text               c_w.l(rt_memcpy_w.o)
    0x080005be   0x080005be   0x00000056   Code   RO         3124    .text               c_w.l(strncpy.o)
    0x08000614   0x08000614   0x00000006   Code   RO         3126    .text               c_w.l(heapauxi.o)
    0x0800061a   0x0800061a   0x000000b2   Code   RO         3149    .text               c_w.l(_printf_intcommon.o)
    0x080006cc   0x080006cc   0x00000030   Code   RO         3151    .text               c_w.l(_printf_char_common.o)
    0x080006fc   0x080006fc   0x0000000a   Code   RO         3153    .text               c_w.l(_sputc.o)
    0x08000706   0x08000706   0x0000002c   Code   RO         3155    .text               c_w.l(_printf_char.o)
    0x08000732   0x08000732   0x00000044   Code   RO         3158    .text               c_w.l(rt_memclr.o)
    0x08000776   0x08000776   0x0000004e   Code   RO         3182    .text               c_w.l(rt_memclr_w.o)
    0x080007c4   0x080007c4   0x0000004a   Code   RO         3184    .text               c_w.l(sys_stackheap_outer.o)
    0x0800080e   0x0800080e   0x00000012   Code   RO         3186    .text               c_w.l(exit.o)
    0x08000820   0x08000820   0x00000008   Code   RO         3194    .text               c_w.l(libspace.o)
    0x08000828   0x08000828   0x0000000c   Code   RO         3255    .text               c_w.l(sys_exit.o)
    0x08000834   0x08000834   0x00000002   Code   RO         3266    .text               c_w.l(use_no_semi.o)
    0x08000836   0x08000836   0x00000000   Code   RO         3268    .text               c_w.l(indicate_semi.o)
    0x08000836   0x08000836   0x00000002   PAD
    0x08000838   0x08000838   0x00000048   Code   RO         1939    i.BurstWrite        spi.o
    0x08000880   0x08000880   0x00000004   Code   RO         2037    i.BusFault_Handler  stm32f1xx_it.o
    0x08000884   0x08000884   0x00000044   Code   RO         2329    i.CDC_Control_FS    usbd_cdc_if.o
    0x080008c8   0x080008c8   0x00000004   Code   RO         2330    i.CDC_DeInit_FS     usbd_cdc_if.o
    0x080008cc   0x080008cc   0x00000024   Code   RO         2331    i.CDC_Init_FS       usbd_cdc_if.o
    0x080008f0   0x080008f0   0x0000001c   Code   RO         2332    i.CDC_Receive_FS    usbd_cdc_if.o
    0x0800090c   0x0800090c   0x00000038   Code   RO         2333    i.CDC_Transmit_FS   usbd_cdc_if.o
    0x08000944   0x08000944   0x00000002   Code   RO         2038    i.DebugMon_Handler  stm32f1xx_it.o
    0x08000946   0x08000946   0x00000004   Code   RO         1823    i.Error_Handler     main.o
    0x0800094a   0x0800094a   0x0000001a   Code   RO           20    i.HAL_Delay         stm32f1xx_hal.o
    0x08000964   0x08000964   0x0000031c   Code   RO          662    i.HAL_GPIO_Init     stm32f1xx_hal_gpio.o
    0x08000c80   0x08000c80   0x00000010   Code   RO          664    i.HAL_GPIO_ReadPin  stm32f1xx_hal_gpio.o
    0x08000c90   0x08000c90   0x0000000c   Code   RO          666    i.HAL_GPIO_WritePin  stm32f1xx_hal_gpio.o
    0x08000c9c   0x08000c9c   0x0000000c   Code   RO           24    i.HAL_GetTick       stm32f1xx_hal.o
    0x08000ca8   0x08000ca8   0x00000010   Code   RO           25    i.HAL_IncTick       stm32f1xx_hal.o
    0x08000cb8   0x08000cb8   0x00000028   Code   RO           26    i.HAL_Init          stm32f1xx_hal.o
    0x08000ce0   0x08000ce0   0x00000024   Code   RO           27    i.HAL_InitTick      stm32f1xx_hal.o
    0x08000d04   0x08000d04   0x0000008c   Code   RO         1997    i.HAL_MspInit       stm32f1xx_hal_msp.o
    0x08000d90   0x08000d90   0x0000001a   Code   RO          237    i.HAL_NVIC_EnableIRQ  stm32f1xx_hal_cortex.o
    0x08000daa   0x08000daa   0x0000007c   Code   RO          243    i.HAL_NVIC_SetPriority  stm32f1xx_hal_cortex.o
    0x08000e26   0x08000e26   0x00000002   PAD
    0x08000e28   0x08000e28   0x00000028   Code   RO          244    i.HAL_NVIC_SetPriorityGrouping  stm32f1xx_hal_cortex.o
    0x08000e50   0x08000e50   0x0000003e   Code   RO          988    i.HAL_PCDEx_PMAConfig  stm32f1xx_hal_pcd_ex.o
    0x08000e8e   0x08000e8e   0x00000002   Code   RO         2384    i.HAL_PCDEx_SetConnectionState  usbd_conf.o
    0x08000e90   0x08000e90   0x0000001c   Code   RO         2386    i.HAL_PCD_DataInStageCallback  usbd_conf.o
    0x08000eac   0x08000eac   0x0000001c   Code   RO         2387    i.HAL_PCD_DataOutStageCallback  usbd_conf.o
    0x08000ec8   0x08000ec8   0x00000064   Code   RO          778    i.HAL_PCD_EP_Close  stm32f1xx_hal_pcd.o
    0x08000f2c   0x08000f2c   0x00000062   Code   RO          779    i.HAL_PCD_EP_ClrStall  stm32f1xx_hal_pcd.o
    0x08000f8e   0x08000f8e   0x00000014   Code   RO          781    i.HAL_PCD_EP_GetRxCount  stm32f1xx_hal_pcd.o
    0x08000fa2   0x08000fa2   0x00000076   Code   RO          782    i.HAL_PCD_EP_Open   stm32f1xx_hal_pcd.o
    0x08001018   0x08001018   0x0000006a   Code   RO          783    i.HAL_PCD_EP_Receive  stm32f1xx_hal_pcd.o
    0x08001082   0x08001082   0x00000072   Code   RO          784    i.HAL_PCD_EP_SetStall  stm32f1xx_hal_pcd.o
    0x080010f4   0x080010f4   0x0000006c   Code   RO          785    i.HAL_PCD_EP_Transmit  stm32f1xx_hal_pcd.o
    0x08001160   0x08001160   0x00000164   Code   RO          787    i.HAL_PCD_IRQHandler  stm32f1xx_hal_pcd.o
    0x080012c4   0x080012c4   0x0000011a   Code   RO          790    i.HAL_PCD_Init      stm32f1xx_hal_pcd.o
    0x080013de   0x080013de   0x00000002   PAD
    0x080013e0   0x080013e0   0x00000054   Code   RO         2392    i.HAL_PCD_MspInit   usbd_conf.o
    0x08001434   0x08001434   0x0000002a   Code   RO         2393    i.HAL_PCD_ResetCallback  usbd_conf.o
    0x0800145e   0x0800145e   0x0000000e   Code   RO         2394    i.HAL_PCD_ResumeCallback  usbd_conf.o
    0x0800146c   0x0800146c   0x0000000e   Code   RO         2395    i.HAL_PCD_SOFCallback  usbd_conf.o
    0x0800147a   0x0800147a   0x00000036   Code   RO          796    i.HAL_PCD_SetAddress  stm32f1xx_hal_pcd.o
    0x080014b0   0x080014b0   0x00000012   Code   RO         2396    i.HAL_PCD_SetupStageCallback  usbd_conf.o
    0x080014c2   0x080014c2   0x0000003c   Code   RO          798    i.HAL_PCD_Start     stm32f1xx_hal_pcd.o
    0x080014fe   0x080014fe   0x00000002   PAD
    0x08001500   0x08001500   0x00000024   Code   RO         2397    i.HAL_PCD_SuspendCallback  usbd_conf.o
    0x08001524   0x08001524   0x0000017c   Code   RO         1259    i.HAL_RCCEx_PeriphCLKConfig  stm32f1xx_hal_rcc_ex.o
    0x080016a0   0x080016a0   0x00000298   Code   RO         1152    i.HAL_RCC_ClockConfig  stm32f1xx_hal_rcc.o
    0x08001938   0x08001938   0x0000000c   Code   RO         1157    i.HAL_RCC_GetHCLKFreq  stm32f1xx_hal_rcc.o
    0x08001944   0x08001944   0x000000b4   Code   RO         1161    i.HAL_RCC_GetSysClockFreq  stm32f1xx_hal_rcc.o
    0x080019f8   0x080019f8   0x00000878   Code   RO         1164    i.HAL_RCC_OscConfig  stm32f1xx_hal_rcc.o
    0x08002270   0x08002270   0x00000002   Code   RO         1301    i.HAL_SPI_ErrorCallback  stm32f1xx_hal_spi.o
    0x08002272   0x08002272   0x000000e4   Code   RO         1304    i.HAL_SPI_IRQHandler  stm32f1xx_hal_spi.o
    0x08002356   0x08002356   0x00000002   PAD
    0x08002358   0x08002358   0x0000008c   Code   RO         1546    i.HAL_SPI_Init      stm32f1xx_hal_spi_ex.o
    0x080023e4   0x080023e4   0x00000070   Code   RO         1999    i.HAL_SPI_MspInit   stm32f1xx_hal_msp.o
    0x08002454   0x08002454   0x0000024c   Code   RO         1308    i.HAL_SPI_Receive   stm32f1xx_hal_spi.o
    0x080026a0   0x080026a0   0x000001c0   Code   RO         1313    i.HAL_SPI_Transmit  stm32f1xx_hal_spi.o
    0x08002860   0x08002860   0x00000344   Code   RO         1314    i.HAL_SPI_TransmitReceive  stm32f1xx_hal_spi.o
    0x08002ba4   0x08002ba4   0x00000028   Code   RO          246    i.HAL_SYSTICK_CLKSourceConfig  stm32f1xx_hal_cortex.o
    0x08002bcc   0x08002bcc   0x00000002   Code   RO          247    i.HAL_SYSTICK_Callback  stm32f1xx_hal_cortex.o
    0x08002bce   0x08002bce   0x00000034   Code   RO          248    i.HAL_SYSTICK_Config  stm32f1xx_hal_cortex.o
    0x08002c02   0x08002c02   0x00000008   Code   RO          249    i.HAL_SYSTICK_IRQHandler  stm32f1xx_hal_cortex.o
    0x08002c0a   0x08002c0a   0x00000004   Code   RO         2039    i.HardFault_Handler  stm32f1xx_it.o
    0x08002c0e   0x08002c0e   0x00000002   PAD
    0x08002c10   0x08002c10   0x00000104   Code   RO         1824    i.MX_GPIO_Init      main.o
    0x08002d14   0x08002d14   0x00000044   Code   RO         1825    i.MX_SPI1_Init      main.o
    0x08002d58   0x08002d58   0x00000034   Code   RO         2291    i.MX_USB_DEVICE_Init  usb_device.o
    0x08002d8c   0x08002d8c   0x00000004   Code   RO         2040    i.MemManage_Handler  stm32f1xx_it.o
    0x08002d90   0x08002d90   0x00000002   Code   RO         2041    i.NMI_Handler       stm32f1xx_it.o
    0x08002d92   0x08002d92   0x00000002   PAD
    0x08002d94   0x08002d94   0x00000010   Code   RO          250    i.NVIC_GetPriorityGrouping  stm32f1xx_hal_cortex.o
    0x08002da4   0x08002da4   0x00000028   Code   RO          251    i.NVIC_SetPriority  stm32f1xx_hal_cortex.o
    0x08002dcc   0x08002dcc   0x00000444   Code   RO          801    i.PCD_EP_ISR_Handler  stm32f1xx_hal_pcd.o
    0x08003210   0x08003210   0x00000002   Code   RO         2042    i.PendSV_Handler    stm32f1xx_it.o
    0x08003212   0x08003212   0x00000002   PAD
    0x08003214   0x08003214   0x00000010   Code   RO         2043    i.SPI1_IRQHandler   stm32f1xx_it.o
    0x08003224   0x08003224   0x00000048   Code   RO         1940    i.SPIBurstRead      spi.o
    0x0800326c   0x0800326c   0x00000024   Code   RO         1941    i.SPICmd8bit        spi.o
    0x08003290   0x08003290   0x00000024   Code   RO         1942    i.SPIRead           spi.o
    0x080032b4   0x080032b4   0x0000002c   Code   RO         1943    i.SPIRead8bit       spi.o
    0x080032e0   0x080032e0   0x00000030   Code   RO         1944    i.SPIWrite          spi.o
    0x08003310   0x08003310   0x00000006   Code   RO         1547    i.SPI_ISCRCErrorValid  stm32f1xx_hal_spi_ex.o
    0x08003316   0x08003316   0x00000114   Code   RO         1336    i.SPI_WaitOnFlagUntilTimeout  stm32f1xx_hal_spi.o
    0x0800342a   0x0800342a   0x00000002   Code   RO         2044    i.SVC_Handler       stm32f1xx_it.o
    0x0800342c   0x0800342c   0x0000000c   Code   RO         2045    i.SysTick_Handler   stm32f1xx_it.o
    0x08003438   0x08003438   0x00000090   Code   RO         1826    i.SystemClock_Config  main.o
    0x080034c8   0x080034c8   0x00000058   Code   RO         2251    i.SystemInit        system_stm32f1xx.o
    0x08003520   0x08003520   0x0000001a   Code   RO         2666    i.USBD_CDC_DataIn   usbd_cdc.o
    0x0800353a   0x0800353a   0x00000034   Code   RO         2667    i.USBD_CDC_DataOut  usbd_cdc.o
    0x0800356e   0x0800356e   0x00000040   Code   RO         2668    i.USBD_CDC_DeInit   usbd_cdc.o
    0x080035ae   0x080035ae   0x00000032   Code   RO         2669    i.USBD_CDC_EP0_RxReady  usbd_cdc.o
    0x080035e0   0x080035e0   0x00000010   Code   RO         2670    i.USBD_CDC_GetDeviceQualifierDescriptor  usbd_cdc.o
    0x080035f0   0x080035f0   0x00000010   Code   RO         2671    i.USBD_CDC_GetFSCfgDesc  usbd_cdc.o
    0x08003600   0x08003600   0x00000010   Code   RO         2672    i.USBD_CDC_GetHSCfgDesc  usbd_cdc.o
    0x08003610   0x08003610   0x00000010   Code   RO         2673    i.USBD_CDC_GetOtherSpeedCfgDesc  usbd_cdc.o
    0x08003620   0x08003620   0x000000a6   Code   RO         2674    i.USBD_CDC_Init     usbd_cdc.o
    0x080036c6   0x080036c6   0x0000003a   Code   RO         2675    i.USBD_CDC_ReceivePacket  usbd_cdc.o
    0x08003700   0x08003700   0x0000000e   Code   RO         2676    i.USBD_CDC_RegisterInterface  usbd_cdc.o
    0x0800370e   0x0800370e   0x0000000e   Code   RO         2677    i.USBD_CDC_SetRxBuffer  usbd_cdc.o
    0x0800371c   0x0800371c   0x00000014   Code   RO         2678    i.USBD_CDC_SetTxBuffer  usbd_cdc.o
    0x08003730   0x08003730   0x00000090   Code   RO         2679    i.USBD_CDC_Setup    usbd_cdc.o
    0x080037c0   0x080037c0   0x00000038   Code   RO         2680    i.USBD_CDC_TransmitPacket  usbd_cdc.o
    0x080037f8   0x080037f8   0x00000016   Code   RO         2775    i.USBD_ClrClassConfig  usbd_core.o
    0x0800380e   0x0800380e   0x00000044   Code   RO         2917    i.USBD_ClrFeature   usbd_ctlreq.o
    0x08003852   0x08003852   0x00000018   Code   RO         3016    i.USBD_CtlContinueRx  usbd_ioreq.o
    0x0800386a   0x0800386a   0x00000018   Code   RO         3017    i.USBD_CtlContinueSendData  usbd_ioreq.o
    0x08003882   0x08003882   0x00000018   Code   RO         2918    i.USBD_CtlError     usbd_ctlreq.o
    0x0800389a   0x0800389a   0x00000028   Code   RO         3018    i.USBD_CtlPrepareRx  usbd_ioreq.o
    0x080038c2   0x080038c2   0x0000001a   Code   RO         3019    i.USBD_CtlReceiveStatus  usbd_ioreq.o
    0x080038dc   0x080038dc   0x00000022   Code   RO         3020    i.USBD_CtlSendData  usbd_ioreq.o
    0x080038fe   0x080038fe   0x0000001a   Code   RO         3021    i.USBD_CtlSendStatus  usbd_ioreq.o
    0x08003918   0x08003918   0x00000034   Code   RO         2595    i.USBD_FS_ConfigStrDescriptor  usbd_desc.o
    0x0800394c   0x0800394c   0x00000010   Code   RO         2596    i.USBD_FS_DeviceDescriptor  usbd_desc.o
    0x0800395c   0x0800395c   0x00000038   Code   RO         2597    i.USBD_FS_InterfaceStrDescriptor  usbd_desc.o
    0x08003994   0x08003994   0x00000010   Code   RO         2598    i.USBD_FS_LangIDStrDescriptor  usbd_desc.o
    0x080039a4   0x080039a4   0x0000002c   Code   RO         2599    i.USBD_FS_ManufacturerStrDescriptor  usbd_desc.o
    0x080039d0   0x080039d0   0x00000040   Code   RO         2600    i.USBD_FS_ProductStrDescriptor  usbd_desc.o
    0x08003a10   0x08003a10   0x00000038   Code   RO         2601    i.USBD_FS_SerialStrDescriptor  usbd_desc.o
    0x08003a48   0x08003a48   0x00000050   Code   RO         2919    i.USBD_GetConfig    usbd_ctlreq.o
    0x08003a98   0x08003a98   0x00000148   Code   RO         2920    i.USBD_GetDescriptor  usbd_ctlreq.o
    0x08003be0   0x08003be0   0x00000014   Code   RO         2921    i.USBD_GetLen       usbd_ctlreq.o
    0x08003bf4   0x08003bf4   0x00000044   Code   RO         2922    i.USBD_GetStatus    usbd_ctlreq.o
    0x08003c38   0x08003c38   0x00000052   Code   RO         2923    i.USBD_GetString    usbd_ctlreq.o
    0x08003c8a   0x08003c8a   0x00000032   Code   RO         2777    i.USBD_Init         usbd_core.o
    0x08003cbc   0x08003cbc   0x00000044   Code   RO         2398    i.USBD_LL_ClearStallEP  usbd_conf.o
    0x08003d00   0x08003d00   0x00000044   Code   RO         2399    i.USBD_LL_CloseEP   usbd_conf.o
    0x08003d44   0x08003d44   0x000000da   Code   RO         2778    i.USBD_LL_DataInStage  usbd_core.o
    0x08003e1e   0x08003e1e   0x00000086   Code   RO         2779    i.USBD_LL_DataOutStage  usbd_core.o
    0x08003ea4   0x08003ea4   0x00000012   Code   RO         2403    i.USBD_LL_GetRxDataSize  usbd_conf.o
    0x08003eb6   0x08003eb6   0x00000002   PAD
    0x08003eb8   0x08003eb8   0x00000088   Code   RO         2404    i.USBD_LL_Init      usbd_conf.o
    0x08003f40   0x08003f40   0x00000030   Code   RO         2405    i.USBD_LL_IsStallEP  usbd_conf.o
    0x08003f70   0x08003f70   0x00000062   Code   RO         2406    i.USBD_LL_OpenEP    usbd_conf.o
    0x08003fd2   0x08003fd2   0x00000062   Code   RO         2407    i.USBD_LL_PrepareReceive  usbd_conf.o
    0x08004034   0x08004034   0x00000044   Code   RO         2784    i.USBD_LL_Reset     usbd_core.o
    0x08004078   0x08004078   0x0000000e   Code   RO         2785    i.USBD_LL_Resume    usbd_core.o
    0x08004086   0x08004086   0x00000022   Code   RO         2786    i.USBD_LL_SOF       usbd_core.o
    0x080040a8   0x080040a8   0x00000008   Code   RO         2787    i.USBD_LL_SetSpeed  usbd_core.o
    0x080040b0   0x080040b0   0x00000044   Code   RO         2408    i.USBD_LL_SetUSBAddress  usbd_conf.o
    0x080040f4   0x080040f4   0x0000006e   Code   RO         2788    i.USBD_LL_SetupStage  usbd_core.o
    0x08004162   0x08004162   0x00000044   Code   RO         2409    i.USBD_LL_StallEP   usbd_conf.o
    0x080041a6   0x080041a6   0x0000003c   Code   RO         2410    i.USBD_LL_Start     usbd_conf.o
    0x080041e2   0x080041e2   0x00000014   Code   RO         2789    i.USBD_LL_Suspend   usbd_core.o
    0x080041f6   0x080041f6   0x00000062   Code   RO         2412    i.USBD_LL_Transmit  usbd_conf.o
    0x08004258   0x08004258   0x00000028   Code   RO         2924    i.USBD_ParseSetupRequest  usbd_ctlreq.o
    0x08004280   0x08004280   0x00000010   Code   RO         2790    i.USBD_RegisterClass  usbd_core.o
    0x08004290   0x08004290   0x00000006   Code   RO         2791    i.USBD_RunTestMode  usbd_core.o
    0x08004296   0x08004296   0x00000054   Code   RO         2925    i.USBD_SetAddress   usbd_ctlreq.o
    0x080042ea   0x080042ea   0x00000022   Code   RO         2792    i.USBD_SetClassConfig  usbd_core.o
    0x0800430c   0x0800430c   0x000000e0   Code   RO         2926    i.USBD_SetConfig    usbd_ctlreq.o
    0x080043ec   0x080043ec   0x00000024   Code   RO         2927    i.USBD_SetFeature   usbd_ctlreq.o
    0x08004410   0x08004410   0x0000000e   Code   RO         2793    i.USBD_Start        usbd_core.o
    0x0800441e   0x0800441e   0x00000072   Code   RO         2928    i.USBD_StdDevReq    usbd_ctlreq.o
    0x08004490   0x08004490   0x00000156   Code   RO         2929    i.USBD_StdEPReq     usbd_ctlreq.o
    0x080045e6   0x080045e6   0x0000004a   Code   RO         2930    i.USBD_StdItfReq    usbd_ctlreq.o
    0x08004630   0x08004630   0x00000002   Code   RO         2413    i.USBD_static_free  usbd_conf.o
    0x08004632   0x08004632   0x00000002   PAD
    0x08004634   0x08004634   0x0000000c   Code   RO         2414    i.USBD_static_malloc  usbd_conf.o
    0x08004640   0x08004640   0x000003aa   Code   RO         1627    i.USB_ActivateEndpoint  stm32f1xx_ll_usb.o
    0x080049ea   0x080049ea   0x00000008   Code   RO         1630    i.USB_CoreInit      stm32f1xx_ll_usb.o
    0x080049f2   0x080049f2   0x00000214   Code   RO         1632    i.USB_DeactivateEndpoint  stm32f1xx_ll_usb.o
    0x08004c06   0x08004c06   0x00000006   Code   RO         1633    i.USB_DevConnect    stm32f1xx_ll_usb.o
    0x08004c0c   0x08004c0c   0x00000006   Code   RO         1634    i.USB_DevDisconnect  stm32f1xx_ll_usb.o
    0x08004c12   0x08004c12   0x00000016   Code   RO         1635    i.USB_DevInit       stm32f1xx_ll_usb.o
    0x08004c28   0x08004c28   0x00000016   Code   RO         1636    i.USB_DisableGlobalInt  stm32f1xx_ll_usb.o
    0x08004c3e   0x08004c3e   0x00000006   Code   RO         1637    i.USB_EP0_OutStart  stm32f1xx_ll_usb.o
    0x08004c44   0x08004c44   0x000000b4   Code   RO         1638    i.USB_EPClearStall  stm32f1xx_ll_usb.o
    0x08004cf8   0x08004cf8   0x00000086   Code   RO         1639    i.USB_EPSetStall    stm32f1xx_ll_usb.o
    0x08004d7e   0x08004d7e   0x00000332   Code   RO         1640    i.USB_EPStartXfer   stm32f1xx_ll_usb.o
    0x080050b0   0x080050b0   0x00000016   Code   RO         1641    i.USB_EnableGlobalInt  stm32f1xx_ll_usb.o
    0x080050c6   0x080050c6   0x00000002   PAD
    0x080050c8   0x080050c8   0x00000010   Code   RO         2046    i.USB_HP_CAN1_TX_IRQHandler  stm32f1xx_it.o
    0x080050d8   0x080050d8   0x00000010   Code   RO         2047    i.USB_LP_CAN1_RX0_IRQHandler  stm32f1xx_it.o
    0x080050e8   0x080050e8   0x0000000a   Code   RO         1648    i.USB_ReadInterrupts  stm32f1xx_ll_usb.o
    0x080050f2   0x080050f2   0x00000028   Code   RO         1649    i.USB_ReadPMA       stm32f1xx_ll_usb.o
    0x0800511a   0x0800511a   0x00000006   Code   RO         1651    i.USB_SetCurrentMode  stm32f1xx_ll_usb.o
    0x08005120   0x08005120   0x0000000e   Code   RO         1652    i.USB_SetDevAddress  stm32f1xx_ll_usb.o
    0x0800512e   0x0800512e   0x00000042   Code   RO         1654    i.USB_WritePMA      stm32f1xx_ll_usb.o
    0x08005170   0x08005170   0x00000004   Code   RO         2048    i.UsageFault_Handler  stm32f1xx_it.o
    0x08005174   0x08005174   0x0000000e   Code   RO         3103    i._is_digit         c_w.l(__printf_wp.o)
    0x08005182   0x08005182   0x0000001c   Code   RO         1827    i.main              main.o
    0x0800519e   0x0800519e   0x00000002   PAD
    0x080051a0   0x080051a0   0x00000598   Code   RO         1895    i.mainApp           mainapp.o
    0x08005738   0x08005738   0x00000114   Code   RO         2135    i.sx1276_7_8_Config  sx1276_7_8.o
    0x0800584c   0x0800584c   0x0000000c   Code   RO         2137    i.sx1276_7_8_EntryLoRa  sx1276_7_8.o
    0x08005858   0x08005858   0x0000000c   Code   RO         2138    i.sx1276_7_8_LoRaClearIrq  sx1276_7_8.o
    0x08005864   0x08005864   0x00000080   Code   RO         2139    i.sx1276_7_8_LoRaEntryRx  sx1276_7_8.o
    0x080058e4   0x080058e4   0x0000006c   Code   RO         2140    i.sx1276_7_8_LoRaEntryTx  sx1276_7_8.o
    0x08005950   0x08005950   0x00000084   Code   RO         2141    i.sx1276_7_8_LoRaReadRSSI  sx1276_7_8.o
    0x080059d4   0x080059d4   0x00000070   Code   RO         2142    i.sx1276_7_8_LoRaRxPacket  sx1276_7_8.o
    0x08005a44   0x08005a44   0x00000044   Code   RO         2143    i.sx1276_7_8_LoRaTxPacket  sx1276_7_8.o
    0x08005a88   0x08005a88   0x0000000c   Code   RO         2144    i.sx1276_7_8_Sleep  sx1276_7_8.o
    0x08005a94   0x08005a94   0x0000000c   Code   RO         2145    i.sx1276_7_8_Standby  sx1276_7_8.o
    0x08005aa0   0x08005aa0   0x00000150   Code   RO         3130    x$fpl$dadd          fz_ws.l(daddsub_clz.o)
    0x08005bf0   0x08005bf0   0x0000005e   Code   RO         3136    x$fpl$dfix          fz_ws.l(dfix.o)
    0x08005c4e   0x08005c4e   0x0000002e   Code   RO         3141    x$fpl$dflt          fz_ws.l(dflt_clz.o)
    0x08005c7c   0x08005c7c   0x00000154   Code   RO         3146    x$fpl$dmul          fz_ws.l(dmul.o)
    0x08005dd0   0x08005dd0   0x0000009c   Code   RO         3160    x$fpl$dnaninf       fz_ws.l(dnaninf.o)
    0x08005e6c   0x08005e6c   0x0000000c   Code   RO         3162    x$fpl$dretinf       fz_ws.l(dretinf.o)
    0x08005e78   0x08005e78   0x000001d4   Code   RO         3132    x$fpl$dsub          fz_ws.l(daddsub_clz.o)
    0x0800604c   0x0800604c   0x00000000   Code   RO         3164    x$fpl$usenofp       fz_ws.l(usenofp.o)
    0x0800604c   0x0800604c   0x00000018   Data   RO         2147    .constdata          sx1276_7_8.o
    0x08006064   0x08006064   0x00000018   Data   RO         2252    .constdata          system_stm32f1xx.o
    0x0800607c   0x0800607c   0x00000066   Data   RO         1897    .conststring        mainapp.o
    0x080060e2   0x080060e2   0x00000002   PAD
    0x080060e4   0x080060e4   0x00000020   Data   RO         3321    Region$$Table       anon$$obj.o


    Execution Region ER_RW (Exec base: 0x20000000, Load base: 0x08006104, Size: 0x000001dc, Max: 0xffffffff, ABSOLUTE, COMPRESSED[0x000000dc])

    Exec Addr    Load Addr    Size         Type   Attr      Idx    E Section Name        Object

    0x20000000   COMPRESSED   0x00000004   Data   RW           32    .data               stm32f1xx_hal.o
    0x20000004   COMPRESSED   0x00000001   Data   RW         1548    .data               stm32f1xx_hal_spi_ex.o
    0x20000005   COMPRESSED   0x00000003   PAD
    0x20000008   COMPRESSED   0x0000002c   Data   RW         1898    .data               mainapp.o
    0x20000034   COMPRESSED   0x00000042   Data   RW         2148    .data               sx1276_7_8.o
    0x20000076   COMPRESSED   0x00000002   PAD
    0x20000078   COMPRESSED   0x00000004   Data   RW         2253    .data               system_stm32f1xx.o
    0x2000007c   COMPRESSED   0x00000018   Data   RW         2334    .data               usbd_cdc_if.o
    0x20000094   COMPRESSED   0x00000034   Data   RW         2603    .data               usbd_desc.o
    0x200000c8   COMPRESSED   0x00000110   Data   RW         2681    .data               usbd_cdc.o
    0x200001d8   COMPRESSED   0x00000001   Data   RW         2931    .data               usbd_ctlreq.o


    Execution Region ER_ZI (Exec base: 0x200001dc, Load base: 0x080061e0, Size: 0x0000122c, Max: 0xffffffff, ABSOLUTE)

    Exec Addr    Load Addr    Size         Type   Attr      Idx    E Section Name        Object

    0x200001dc        -       0x00000058   Zero   RW         1828    .bss                main.o
    0x20000234        -       0x00000089   Zero   RW         1896    .bss                mainapp.o
    0x200002bd        -       0x00000080   Zero   RW         2146    .bss                sx1276_7_8.o
    0x2000033d   0x080061e0   0x00000003   PAD
    0x20000340        -       0x00000224   Zero   RW         2292    .bss                usb_device.o
    0x20000564        -       0x00000640   Zero   RW         2415    .bss                usbd_conf.o
    0x20000ba4        -       0x00000200   Zero   RW         2602    .bss                usbd_desc.o
    0x20000da4        -       0x00000060   Zero   RW         3195    .bss                c_w.l(libspace.o)
    0x20000e04   0x080061e0   0x00000004   PAD
    0x20000e08        -       0x00000200   Zero   RW            2    HEAP                startup_stm32f103xb.o
    0x20001008        -       0x00000400   Zero   RW            1    STACK               startup_stm32f103xb.o


==============================================================================

Image component sizes


      Code (inc. data)   RO Data    RW Data    ZI Data      Debug   Object Name

       504         32          0          0         88       8164   main.o
      1432        228        102         44        137       4452   mainapp.o
       308         42          0          0          0       4032   spi.o
        64         26        236          0       1536        796   startup_stm32f103xb.o
       130         16          0          4          0     439314   stm32f1xx_hal.o
       348         22          0          0          0      28453   stm32f1xx_hal_cortex.o
       824         32          0          0          0       3827   stm32f1xx_hal_gpio.o
       252         22          0          0          0       1788   stm32f1xx_hal_msp.o
      2508          0          0          0          0      10945   stm32f1xx_hal_pcd.o
        62          0          0          0          0       1422   stm32f1xx_hal_pcd_ex.o
      3024         84          0          0          0       5058   stm32f1xx_hal_rcc.o
       380         14          0          0          0       1584   stm32f1xx_hal_rcc_ex.o
      2378          0          0          0          0       6812   stm32f1xx_hal_spi.o
       146          6          0          1          0       2248   stm32f1xx_hal_spi_ex.o
        84         18          0          0          0       5793   stm32f1xx_it.o
      2830          0          0          0          0      14503   stm32f1xx_ll_usb.o
       872         72         24         66        128       9103   sx1276_7_8.o
        88         18         24          4          0       1415   system_stm32f1xx.o
        52         16          0          0        548        756   usb_device.o
       728         30          0        272          0      13810   usbd_cdc.o
       192         22          0         24          0       3828   usbd_cdc_if.o
      1108         30          0          0       1600      15345   usbd_conf.o
       748          0          0          0          0      10651   usbd_core.o
      1584         30          0          1          0      11308   usbd_ctlreq.o
       304        128          0         52        512       5775   usbd_desc.o
       174          0          0          0          0       5012   usbd_ioreq.o

    ----------------------------------------------------------------------
     21146        888        420        476       4552     616194   Object Totals
         0          0         32          0          0          0   (incl. Generated)
        22          0          2          8          3          0   (incl. Padding)

    ----------------------------------------------------------------------

      Code (inc. data)   RO Data    RW Data    ZI Data      Debug   Library Member Name

        90          0          0          0          0          0   __dczerorl2.o
         8          0          0          0          0         68   __main.o
       284          0          0          0          0        156   __printf_wp.o
         0          0          0          0          0          0   __rtentry.o
        12          0          0          0          0          0   __rtentry2.o
         6          0          0          0          0          0   __rtentry4.o
        52          8          0          0          0          0   __scatter.o
        28          0          0          0          0          0   __scatter_zi.o
        44          0          0          0          0        108   _printf_char.o
        48          6          0          0          0         96   _printf_char_common.o
         6          0          0          0          0          0   _printf_d.o
       120         16          0          0          0         92   _printf_dec.o
       178          0          0          0          0         88   _printf_intcommon.o
        78          0          0          0          0        108   _printf_pad.o
         0          0          0          0          0          0   _printf_percent.o
         4          0          0          0          0          0   _printf_percent_end.o
         6          0          0          0          0          0   _printf_s.o
        82          0          0          0          0         80   _printf_str.o
        10          0          0          0          0         68   _sputc.o
        18          0          0          0          0         80   exit.o
         6          0          0          0          0        152   heapauxi.o
         0          0          0          0          0          0   indicate_semi.o
         2          0          0          0          0          0   libinit.o
         2          0          0          0          0          0   libinit2.o
         2          0          0          0          0          0   libshutdown.o
         2          0          0          0          0          0   libshutdown2.o
         8          4          0          0         96         68   libspace.o
        40          6          0          0          0         84   noretval__2sprintf.o
        68          0          0          0          0         68   rt_memclr.o
        78          0          0          0          0         80   rt_memclr_w.o
       100          0          0          0          0         80   rt_memcpy_w.o
         2          0          0          0          0          0   rtexit.o
        10          0          0          0          0          0   rtexit2.o
        32          0          0          0          0         80   strcspn.o
        62          0          0          0          0         76   strlen.o
       150          0          0          0          0         80   strncmp.o
        86          0          0          0          0         76   strncpy.o
        12          4          0          0          0         68   sys_exit.o
        74          0          0          0          0         80   sys_stackheap_outer.o
         2          0          0          0          0         68   use_no_semi.o
       804         16          0          0          0        272   daddsub_clz.o
        94          4          0          0          0         92   dfix.o
        46          0          0          0          0         68   dflt_clz.o
       340         12          0          0          0        104   dmul.o
       156          4          0          0          0         92   dnaninf.o
        12          0          0          0          0         68   dretinf.o
         0          0          0          0          0          0   usenofp.o

    ----------------------------------------------------------------------
      3270         80          0          0        100       2700   Library Totals
         6          0          0          0          4          0   (incl. Padding)

    ----------------------------------------------------------------------

      Code (inc. data)   RO Data    RW Data    ZI Data      Debug   Library Name

      1812         44          0          0         96       2004   c_w.l
      1452         36          0          0          0        696   fz_ws.l

    ----------------------------------------------------------------------
      3270         80          0          0        100       2700   Library Totals

    ----------------------------------------------------------------------

==============================================================================


      Code (inc. data)   RO Data    RW Data    ZI Data      Debug   

     24416        968        420        476       4652     608334   Grand Totals
     24416        968        420        220       4652     608334   ELF Image Totals (compressed)
     24416        968        420        220          0          0   ROM Totals

==============================================================================

    Total RO  Size (Code + RO Data)                24836 (  24.25kB)
    Total RW  Size (RW Data + ZI Data)              5128 (   5.01kB)
    Total ROM Size (Code + RO Data + RW Data)      25056 (  24.47kB)

==============================================================================

